(9, 1, 9) 40 64
(9, 1, 5) 0 0
(9, 1, 8) 23 224
(9, 1, 6) 0 0
(9, 1, 3) 5 336
(9, 1, 4) 0 0
(9, 1, 2) 69 2988
(9, 2, 4) 14 672
(9, 1, 7) 8 336
(9, 2, 3) 17 1104
(9, 2, 8) 1 48
(9, 2, 7) 0 0
(9, 2, 5) 0 0
(9, 2, 6) 0 0
(9, 3, 5) 0 0
(9, 3, 4) 0 0
(9, 3, 7) 0 0
(9, 3, 6) 0 0
(9, 3, 8) 0 0
(9, 2, 9) 35 32
(9, 3, 9) 3 88
(9, 4, 5) 0 0
(9, 4, 9) 0 0
(9, 5, 6) 0 0
(9, 4, 6) 0 0
(9, 4, 7) 0 0
(9, 5, 8) 0 0
(9, 5, 7) 2 72
(9, 4, 8) 0 0
(9, 5, 9) 0 0
(9, 6, 7) 4 184
(9, 7, 8) 155 1232
(9, 6, 8) 1 48
(9, 6, 9) 0 0
(9, 7, 9) 100 0
(9, 8, 9) 16 0
(10, 1, 4) 0 0
(10, 1, 2) 110 464
(10, 1, 5) 0 0
(10, 1, 3) 8 228
(10, 1, 6) 0 0
(10, 1, 8) 11 32
(10, 1, 7) 1 24
(10, 1, 9) 51 0
(10, 1, 10) 18 0
(10, 2, 3) 16 624
(10, 2, 4) 4 96
(10, 2, 5) 0 0
(10, 2, 6) 0 0
(10, 2, 7) 0 0
(10, 2, 8) 0 0
(10, 2, 10) 36 112
(10, 2, 9) 17 144
(10, 3, 4) 4 112
(10, 3, 5) 4 112
(10, 3, 6) 0 0
(10, 3, 7) 0 0
(10, 3, 8) 0 0
(10, 3, 9) 2 60
(10, 3, 10) 1 32
(10, 4, 5) 0 0
(10, 4, 6) 0 0
(10, 4, 8) 0 0
(10, 4, 7) 0 0
(10, 4, 9) 0 0
(10, 4, 10) 0 0
(10, 5, 6) 0 0
(10, 5, 7) 1 36
(10, 5, 8) 0 0
(10, 5, 9) 0 0
(10, 5, 10) 0 0
(10, 6, 7) 1 36
(10, 6, 9) 0 0
(10, 6, 8) 1 36
(10, 6, 10) 0 0
(10, 7, 8) 50 900
(10, 7, 9) 30 272
(10, 7, 10) 0 0
(10, 8, 9) 112 144
(10, 8, 10) 6 0
(10, 9, 10) 50 0
(11, 1, 3) 54 368
(11, 1, 2) 55 64
(11, 1, 4) 0 0
(11, 1, 5) 0 0
(11, 1, 6) 0 0
(11, 1, 7) 0 0
(11, 1, 9) 16 64
(11, 1, 8) 1 24
(11, 1, 10) 27 0
(11, 1, 11) 29 0
(11, 2, 3) 59 456
(11, 2, 5) 2 96
(11, 2, 4) 2 96
(11, 2, 6) 2 96
(11, 2, 7) 0 0
(11, 2, 9) 4 32
(11, 2, 10) 14 16
(11, 2, 8) 0 0
(11, 2, 11) 25 16
(11, 3, 4) 4 144
(11, 3, 6) 2 96
(11, 3, 7) 0 0
(11, 3, 5) 4 192
(11, 3, 8) 0 0
(11, 3, 9) 0 0
(11, 3, 10) 1 24
(11, 4, 5) 0 0
(11, 3, 11) 23 32
(11, 4, 6) 0 0
(11, 4, 7) 0 0
(11, 4, 10) 0 0
(11, 4, 8) 0 0
(11, 4, 11) 0 0
(11, 4, 9) 0 0
(11, 5, 6) 0 0
(11, 5, 7) 0 0
(11, 5, 8) 0 0
(11, 5, 9) 0 0
(11, 5, 10) 0 0
(11, 5, 11) 0 0
(11, 6, 9) 0 0
(11, 6, 7) 0 0
(11, 6, 11) 0 0
(11, 6, 8) 25 656
(11, 6, 10) 0 0
(11, 7, 9) 19 460
(11, 7, 8) 26 684
(11, 7, 10) 0 0
(11, 7, 11) 0 0
(11, 8, 9) 98 0
(11, 8, 10) 58 0
(11, 8, 11) 30 0
(11, 9, 10) 51 0
(11, 9, 11) 26 0
(11, 10, 11) 12 0
tuples 13033 wall 46.1
