9 133 [0, 2, 7] NOT_FOUND None None None None 3.3
9 67 [0, 1, 6] NOT_FOUND None None None None 4.3
9 35 [0, 1, 5] NOT_FOUND None None None None 4.7
9 137 [0, 3, 7] CERTIFIED [True, 'ok'] unit tree, two-core pool 4 None 1.6
9 37 [0, 2, 5] NOT_FOUND None None None None 5.0
9 73 [0, 3, 6] NOT_FOUND None None None None 5.0
9 41 [0, 3, 5] NOT_FOUND None None None None 5.3
9 273 [0, 4, 8] CERTIFIED [True, 'ok'] unit tree, two-core pool 6 None 2.8
9 529 [0, 4, 9] NOT_FOUND None None None None 2.8
9 545 [0, 5, 9] NOT_FOUND None None None None 3.6
9 289 [0, 5, 8] NOT_FOUND None None None None 4.2
9 49 [0, 4, 5] NOT_FOUND None None None None 5.2
9 578 [1, 6, 9] NOT_FOUND None None None None 4.7
9 560 [4, 5, 9] NOT_FOUND None None None None 5.0
10 35 [0, 1, 5] NOT_FOUND None None None None 6.0
10 67 [0, 1, 6] NOT_FOUND None None None None 5.3
10 133 [0, 2, 7] NOT_FOUND None None None None 5.3
10 69 [0, 2, 6] NOT_FOUND None None None None 6.0
10 273 [0, 4, 8] CERTIFIED [True, 'ok'] unit tree, two-core pool 4 None 2.5
10 73 [0, 3, 6] NOT_FOUND None None None None 8.6
10 137 [0, 3, 7] NOT_FOUND None None None None 7.8
10 49 [0, 4, 5] NOT_FOUND None None None None 6.0
10 97 [0, 5, 6] NOT_FOUND None None None None 6.2
10 81 [0, 4, 6] NOT_FOUND None None None None 7.7
10 265 [0, 3, 8] NOT_FOUND None None None None 9.3
10 577 [0, 6, 9] NOT_FOUND None None None None 4.5
10 545 [0, 5, 9] NOT_FOUND None None None None 6.2
10 1089 [0, 6, 10] NOT_FOUND None None None None 4.1
10 1057 [0, 5, 10] NOT_FOUND None None None None 4.9
10 1154 [1, 7, 10] NOT_FOUND None None None None 4.9
10 1090 [1, 6, 10] NOT_FOUND None None None None 6.7
10 1120 [5, 6, 10] NOT_FOUND None None None None 6.9
11 131 [0, 1, 7] NOT_FOUND None None None None 7.7
11 67 [0, 1, 6] NOT_FOUND None None None None 8.5
11 137 [0, 3, 7] CERTIFIED [True, 'ok'] unit tree, two-core pool 4 None 4.0
11 49 [0, 4, 5] CERTIFIED [True, 'ok'] unit tree, two-core pool 4 None 3.7
11 133 [0, 2, 7] NOT_FOUND None None None None 8.0
11 261 [0, 2, 8] NOT_FOUND None None None None 8.4
11 81 [0, 4, 6] NOT_FOUND None None None None 8.1
11 145 [0, 4, 7] NOT_FOUND None None None None 10.0
11 521 [0, 3, 9] NOT_FOUND None None None None 8.0
11 273 [0, 4, 8] NOT_FOUND None None None None 7.7
11 265 [0, 3, 8] NOT_FOUND None None None None 10.3
11 529 [0, 4, 9] NOT_FOUND None None None None 9.6
11 2081 [0, 5, 11] NOT_FOUND None None None None 5.2
11 1057 [0, 5, 10] NOT_FOUND None None None None 6.3
11 97 [0, 5, 6] NOT_FOUND None None None None 8.7
11 545 [0, 5, 9] NOT_FOUND None None None None 8.0
11 161 [0, 5, 7] NOT_FOUND None None None None 8.9
11 193 [0, 6, 7] NOT_FOUND None None None None 7.4
11 577 [0, 6, 9] NOT_FOUND None None None None 6.6
11 2113 [0, 6, 11] NOT_FOUND None None None None 6.3
11 1153 [0, 7, 10] NOT_FOUND None None None None 5.9
11 1089 [0, 6, 10] NOT_FOUND None None None None 7.3
11 2177 [0, 7, 11] NOT_FOUND None None None None 6.2
11 2178 [1, 7, 11] NOT_FOUND None None None None 7.3
11 3136 [6, 10, 11] NOT_FOUND None None None None 5.6
11 2308 [2, 8, 11] NOT_FOUND None None None None 7.0
11 2144 [5, 6, 11] NOT_FOUND None None None None 7.8
wall 77.5
