10 19 [0, 1, 4] CERTIFIED [True, 'ok'] -9/5 0 2.3
10 131 [0, 1, 7] CERTIFIED [True, 'ok'] -1 0 2.4
10 35 [0, 1, 5] ROOT_FAIL None 7/6 0 2.4
10 7 [0, 1, 2] CERTIFIED [True, 'ok'] -7 0 2.4
10 1027 [0, 1, 10] CERTIFIED [True, 'ok'] -3 0 2.4
10 13 [0, 2, 3] CERTIFIED [True, 'ok'] -19/3 0 2.4
10 259 [0, 1, 8] CERTIFIED [True, 'ok'] -10/3 0 2.5
10 515 [0, 1, 9] CERTIFIED [True, 'ok'] -4 0 2.4
10 11 [0, 1, 3] CERTIFIED [True, 'ok'] -4 0 2.5
10 67 [0, 1, 6] ROOT_FAIL None 92/29 0 2.5
10 21 [0, 2, 4] CERTIFIED [True, 'ok'] -8/3 0 2.5
10 261 [0, 2, 8] CERTIFIED [True, 'ok'] -1 0 2.4
10 69 [0, 2, 6] ROOT_FAIL None 44/21 0 2.5
10 37 [0, 2, 5] CERTIFIED [True, 'ok'] -5/3 0 2.5
10 133 [0, 2, 7] ROOT_FAIL None 101/39 0 2.5
10 1029 [0, 2, 10] CERTIFIED [True, 'ok'] -5 0 2.4
10 517 [0, 2, 9] CERTIFIED [True, 'ok'] -6 0 2.5
10 73 [0, 3, 6] ROOT_FAIL None 37/21 0 2.4
10 41 [0, 3, 5] CERTIFIED [True, 'ok'] -8/5 0 2.5
10 25 [0, 3, 4] CERTIFIED [True, 'ok'] -3 0 2.6
10 137 [0, 3, 7] ROOT_FAIL None 2 0 2.5
10 265 [0, 3, 8] ROOT_FAIL None 2 0 2.5
10 521 [0, 3, 9] CERTIFIED [True, 'ok'] -2 0 2.5
10 1033 [0, 3, 10] CERTIFIED [True, 'ok'] -16/5 0 2.5
10 273 [0, 4, 8] ROOT_FAIL None 12/7 0 2.4
10 81 [0, 4, 6] ROOT_FAIL None 30/7 0 2.5
10 49 [0, 4, 5] ROOT_FAIL None 3 0 2.6
10 145 [0, 4, 7] CERTIFIED [True, 'ok'] 7/15 0 2.5
10 529 [0, 4, 9] CERTIFIED [True, 'ok'] -3/5 0 2.5
10 1041 [0, 4, 10] CERTIFIED [True, 'ok'] -1/5 0 2.5
10 97 [0, 5, 6] ROOT_FAIL None 3 0 2.5
10 161 [0, 5, 7] CERTIFIED [True, 'ok'] -2 0 2.5
10 545 [0, 5, 9] ROOT_FAIL None 3 0 2.5
10 577 [0, 6, 9] ROOT_FAIL None 11/7 0 2.5
10 1089 [0, 6, 10] ROOT_FAIL None 7/2 0 2.4
10 1057 [0, 5, 10] ROOT_FAIL None 2 0 2.6
10 289 [0, 5, 8] CERTIFIED [True, 'ok'] 0 0 2.6
10 321 [0, 6, 8] CERTIFIED [True, 'ok'] -10/7 0 2.6
10 193 [0, 6, 7] CERTIFIED [True, 'ok'] -3 0 2.6
10 385 [0, 7, 8] CERTIFIED [True, 'ok'] -7 0 2.6
10 1153 [0, 7, 10] CERTIFIED [True, 'ok'] -3/2 0 2.5
10 641 [0, 7, 9] CERTIFIED [True, 'ok'] -4 0 2.6
10 769 [0, 8, 9] CERTIFIED [True, 'ok'] -5 0 2.6
10 14 [1, 2, 3] CERTIFIED [True, 'ok'] -11 0 2.5
10 1537 [0, 9, 10] CERTIFIED [True, 'ok'] -2 0 2.6
10 1281 [0, 8, 10] CERTIFIED [True, 'ok'] -1 0 2.6
10 70 [1, 2, 6] CERTIFIED [True, 'ok'] -16/3 0 2.5
10 22 [1, 2, 4] CERTIFIED [True, 'ok'] -32/3 0 2.6
10 38 [1, 2, 5] CERTIFIED [True, 'ok'] -7 0 2.6
10 134 [1, 2, 7] CERTIFIED [True, 'ok'] -15/7 0 2.5
10 262 [1, 2, 8] CERTIFIED [True, 'ok'] -6 0 2.5
10 518 [1, 2, 9] CERTIFIED [True, 'ok'] -7 0 2.5
10 1030 [1, 2, 10] CERTIFIED [True, 'ok'] -6 0 2.5
10 26 [1, 3, 4] CERTIFIED [True, 'ok'] -41/3 0 2.5
10 138 [1, 3, 7] CERTIFIED [True, 'ok'] -13/5 0 2.5
10 74 [1, 3, 6] CERTIFIED [True, 'ok'] -7 0 2.6
10 42 [1, 3, 5] CERTIFIED [True, 'ok'] -28/3 0 2.5
10 522 [1, 3, 9] CERTIFIED [True, 'ok'] -7 0 2.5
10 1034 [1, 3, 10] CERTIFIED [True, 'ok'] -8 0 2.5
10 266 [1, 3, 8] CERTIFIED [True, 'ok'] -8/3 0 2.6
10 50 [1, 4, 5] CERTIFIED [True, 'ok'] -31/3 0 2.4
10 82 [1, 4, 6] CERTIFIED [True, 'ok'] -9 0 2.4
10 146 [1, 4, 7] CERTIFIED [True, 'ok'] -3 0 2.4
10 274 [1, 4, 8] CERTIFIED [True, 'ok'] -28/11 0 2.4
10 162 [1, 5, 7] CERTIFIED [True, 'ok'] -17/14 0 2.4
10 98 [1, 5, 6] CERTIFIED [True, 'ok'] -5 0 2.4
10 530 [1, 4, 9] CERTIFIED [True, 'ok'] -3 0 2.4
10 1042 [1, 4, 10] CERTIFIED [True, 'ok'] -11/3 0 2.5
10 546 [1, 5, 9] CERTIFIED [True, 'ok'] -7/3 0 2.4
10 290 [1, 5, 8] CERTIFIED [True, 'ok'] -1 0 2.4
10 1058 [1, 5, 10] CERTIFIED [True, 'ok'] -2 0 2.4
10 322 [1, 6, 8] CERTIFIED [True, 'ok'] -12/11 0 2.4
10 642 [1, 7, 9] CERTIFIED [True, 'ok'] -4 0 2.3
10 194 [1, 6, 7] CERTIFIED [True, 'ok'] -1 0 2.4
10 386 [1, 7, 8] CERTIFIED [True, 'ok'] -13/2 0 2.4
10 578 [1, 6, 9] CERTIFIED [True, 'ok'] 2/37 0 2.4
10 1090 [1, 6, 10] ROOT_FAIL None 9/5 0 2.5
10 770 [1, 8, 9] CERTIFIED [True, 'ok'] -17/3 0 2.4
10 1154 [1, 7, 10] ROOT_FAIL None 5/3 0 2.3
10 1282 [1, 8, 10] CERTIFIED [True, 'ok'] -2 0 2.3
10 1538 [1, 9, 10] CERTIFIED [True, 'ok'] -3 0 2.4
10 44 [2, 3, 5] CERTIFIED [True, 'ok'] -13 0 2.4
10 28 [2, 3, 4] CERTIFIED [True, 'ok'] -17 0 2.4
10 140 [2, 3, 7] CERTIFIED [True, 'ok'] -8 0 2.4
10 76 [2, 3, 6] CERTIFIED [True, 'ok'] -11 0 2.4
10 268 [2, 3, 8] CERTIFIED [True, 'ok'] -43/7 0 2.4
10 524 [2, 3, 9] CERTIFIED [True, 'ok'] -10 0 2.4
10 52 [2, 4, 5] CERTIFIED [True, 'ok'] -47/3 0 2.4
10 1036 [2, 3, 10] CERTIFIED [True, 'ok'] -11 0 2.5
10 84 [2, 4, 6] CERTIFIED [True, 'ok'] -14 0 2.5
10 276 [2, 4, 8] CERTIFIED [True, 'ok'] -40/7 0 2.3
10 148 [2, 4, 7] CERTIFIED [True, 'ok'] -32/3 0 2.4
10 532 [2, 4, 9] CERTIFIED [True, 'ok'] -11/2 0 2.4
10 164 [2, 5, 7] CERTIFIED [True, 'ok'] -34/3 0 2.4
10 1044 [2, 4, 10] CERTIFIED [True, 'ok'] -6 0 2.4
10 100 [2, 5, 6] CERTIFIED [True, 'ok'] -41/3 0 2.4
10 292 [2, 5, 8] CERTIFIED [True, 'ok'] -7 0 2.4
10 548 [2, 5, 9] CERTIFIED [True, 'ok'] -24/5 0 2.4
10 1060 [2, 5, 10] CERTIFIED [True, 'ok'] -5 0 2.5
10 196 [2, 6, 7] CERTIFIED [True, 'ok'] -25/3 0 2.4
10 580 [2, 6, 9] CERTIFIED [True, 'ok'] -100/21 0 2.4
10 1092 [2, 6, 10] CERTIFIED [True, 'ok'] -4/5 0 2.4
10 324 [2, 6, 8] CERTIFIED [True, 'ok'] -26/7 0 2.5
10 644 [2, 7, 9] CERTIFIED [True, 'ok'] -52/21 0 2.4
10 388 [2, 7, 8] CERTIFIED [True, 'ok'] -5 0 2.4
10 1156 [2, 7, 10] CERTIFIED [True, 'ok'] -3/11 0 2.4
10 772 [2, 8, 9] CERTIFIED [True, 'ok'] -6 0 2.4
10 1540 [2, 9, 10] CERTIFIED [True, 'ok'] -5 0 2.4
10 1284 [2, 8, 10] CERTIFIED [True, 'ok'] -3/2 0 2.5
10 56 [3, 4, 5] CERTIFIED [True, 'ok'] -19 0 2.4
10 88 [3, 4, 6] CERTIFIED [True, 'ok'] -17 0 2.5
10 152 [3, 4, 7] CERTIFIED [True, 'ok'] -27/2 0 2.4
10 280 [3, 4, 8] CERTIFIED [True, 'ok'] -9 0 2.4
10 536 [3, 4, 9] CERTIFIED [True, 'ok'] -7 0 2.4
10 168 [3, 5, 7] CERTIFIED [True, 'ok'] -16 0 2.3
10 104 [3, 5, 6] CERTIFIED [True, 'ok'] -19 0 2.4
10 1048 [3, 4, 10] CERTIFIED [True, 'ok'] -9 0 2.4
10 1064 [3, 5, 10] CERTIFIED [True, 'ok'] -8 0 2.4
10 296 [3, 5, 8] CERTIFIED [True, 'ok'] -13 0 2.4
10 552 [3, 5, 9] CERTIFIED [True, 'ok'] -38/7 0 2.4
10 200 [3, 6, 7] CERTIFIED [True, 'ok'] -41/3 0 2.4
10 328 [3, 6, 8] CERTIFIED [True, 'ok'] -32/3 0 2.4
10 1096 [3, 6, 10] CERTIFIED [True, 'ok'] -3 0 2.3
10 648 [3, 7, 9] CERTIFIED [True, 'ok'] -38/7 0 2.4
10 1160 [3, 7, 10] CERTIFIED [True, 'ok'] -28/11 0 2.4
10 392 [3, 7, 8] CERTIFIED [True, 'ok'] -9 0 2.4
10 584 [3, 6, 9] CERTIFIED [True, 'ok'] -51/7 0 2.5
10 776 [3, 8, 9] CERTIFIED [True, 'ok'] -22/5 0 2.4
10 1288 [3, 8, 10] CERTIFIED [True, 'ok'] -11/13 0 2.4
10 1544 [3, 9, 10] CERTIFIED [True, 'ok'] -3 0 2.4
10 176 [4, 5, 7] CERTIFIED [True, 'ok'] -18 0 2.3
10 304 [4, 5, 8] CERTIFIED [True, 'ok'] -15 0 2.3
10 112 [4, 5, 6] CERTIFIED [True, 'ok'] -20 0 2.4
10 560 [4, 5, 9] CERTIFIED [True, 'ok'] -7 0 2.3
10 1072 [4, 5, 10] CERTIFIED [True, 'ok'] -3 0 2.4
10 208 [4, 6, 7] CERTIFIED [True, 'ok'] -17 0 2.4
10 1104 [4, 6, 10] CERTIFIED [True, 'ok'] 2/5 0 2.4
10 592 [4, 6, 9] CERTIFIED [True, 'ok'] -12 0 2.3
10 336 [4, 6, 8] CERTIFIED [True, 'ok'] -14 0 2.4
10 400 [4, 7, 8] CERTIFIED [True, 'ok'] -12 0 2.4
10 656 [4, 7, 9] CERTIFIED [True, 'ok'] -9 0 2.3
10 784 [4, 8, 9] CERTIFIED [True, 'ok'] -8 0 2.3
10 1168 [4, 7, 10] CERTIFIED [True, 'ok'] -3/7 0 2.4
10 1296 [4, 8, 10] CERTIFIED [True, 'ok'] 0 0 2.4
10 352 [5, 6, 8] CERTIFIED [True, 'ok'] -47/3 0 2.3
10 1552 [4, 9, 10] CERTIFIED [True, 'ok'] -9/7 0 2.4
10 224 [5, 6, 7] CERTIFIED [True, 'ok'] -19 0 2.3
10 608 [5, 6, 9] CERTIFIED [True, 'ok'] -13 0 2.3
10 1120 [5, 6, 10] ROOT_FAIL None 1 0 2.3
10 416 [5, 7, 8] CERTIFIED [True, 'ok'] -29/2 0 2.3
10 672 [5, 7, 9] CERTIFIED [True, 'ok'] -10 0 2.3
10 1184 [5, 7, 10] CERTIFIED [True, 'ok'] -4 0 2.4
10 800 [5, 8, 9] CERTIFIED [True, 'ok'] -9 0 2.3
10 704 [6, 7, 9] CERTIFIED [True, 'ok'] -15 0 2.3
10 1568 [5, 9, 10] CERTIFIED [True, 'ok'] 0 0 2.4
10 1312 [5, 8, 10] CERTIFIED [True, 'ok'] -3 0 2.4
10 448 [6, 7, 8] CERTIFIED [True, 'ok'] -18 0 2.4
10 1216 [6, 7, 10] CERTIFIED [True, 'ok'] -5 0 2.4
10 832 [6, 8, 9] CERTIFIED [True, 'ok'] -14 0 2.4
10 1344 [6, 8, 10] CERTIFIED [True, 'ok'] -4 0 2.4
10 1600 [6, 9, 10] CERTIFIED [True, 'ok'] -1 0 2.3
10 896 [7, 8, 9] CERTIFIED [True, 'ok'] -13 0 2.3
10 1408 [7, 8, 10] CERTIFIED [True, 'ok'] -9 0 2.3
10 1792 [8, 9, 10] CERTIFIED [True, 'ok'] -5 0 2.3
10 1664 [7, 9, 10] CERTIFIED [True, 'ok'] -6 0 2.3
wall 74.8
