9 67 [0, 1, 6] ROOT_FAIL None 2 0 1.5
9 131 [0, 1, 7] CERTIFIED [True, 'ok'] -4 0 1.5
9 21 [0, 2, 4] CERTIFIED [True, 'ok'] -10/3 0 1.5
9 259 [0, 1, 8] CERTIFIED [True, 'ok'] -5 0 1.5
9 11 [0, 1, 3] CERTIFIED [True, 'ok'] -8/3 0 1.5
9 35 [0, 1, 5] ROOT_FAIL None 11/2 0 1.5
9 7 [0, 1, 2] CERTIFIED [True, 'ok'] -6 0 1.5
9 19 [0, 1, 4] CERTIFIED [True, 'ok'] -3/4 0 1.5
9 13 [0, 2, 3] CERTIFIED [True, 'ok'] -17/3 0 1.5
9 515 [0, 1, 9] CERTIFIED [True, 'ok'] -4 0 1.5
9 37 [0, 2, 5] ROOT_FAIL None 17/6 0 1.5
9 261 [0, 2, 8] CERTIFIED [True, 'ok'] -7/2 0 1.5
9 69 [0, 2, 6] CERTIFIED [True, 'ok'] 14/15 0 1.5
9 25 [0, 3, 4] CERTIFIED [True, 'ok'] -1 0 1.5
9 41 [0, 3, 5] ROOT_FAIL None 13/7 0 1.5
9 73 [0, 3, 6] ROOT_FAIL None 3 0 1.5
9 133 [0, 2, 7] ROOT_FAIL None 1 0 1.5
9 517 [0, 2, 9] CERTIFIED [True, 'ok'] -4 0 1.5
9 265 [0, 3, 8] CERTIFIED [True, 'ok'] -6/7 0 1.5
9 137 [0, 3, 7] ROOT_FAIL None 1 0 1.5
9 145 [0, 4, 7] CERTIFIED [True, 'ok'] -3/7 0 1.4
9 521 [0, 3, 9] CERTIFIED [True, 'ok'] -8/5 0 1.5
9 161 [0, 5, 7] CERTIFIED [True, 'ok'] -1 0 1.4
9 81 [0, 4, 6] CERTIFIED [True, 'ok'] 2/3 0 1.5
9 273 [0, 4, 8] ROOT_FAIL None 14/9 0 1.5
9 97 [0, 5, 6] CERTIFIED [True, 'ok'] -1 0 1.5
9 49 [0, 4, 5] ROOT_FAIL None 29/7 0 1.5
9 529 [0, 4, 9] ROOT_FAIL None 1 0 1.5
9 289 [0, 5, 8] ROOT_FAIL None 11/7 0 1.4
9 545 [0, 5, 9] ROOT_FAIL None 3 0 1.5
9 193 [0, 6, 7] CERTIFIED [True, 'ok'] -13/3 0 1.4
9 321 [0, 6, 8] CERTIFIED [True, 'ok'] -4/3 0 1.5
9 14 [1, 2, 3] CERTIFIED [True, 'ok'] -12 0 1.4
9 385 [0, 7, 8] CERTIFIED [True, 'ok'] -5 0 1.5
9 22 [1, 2, 4] CERTIFIED [True, 'ok'] -25/3 0 1.4
9 577 [0, 6, 9] CERTIFIED [True, 'ok'] 1/2 0 1.5
9 769 [0, 8, 9] CERTIFIED [True, 'ok'] -3 0 1.5
9 38 [1, 2, 5] CERTIFIED [True, 'ok'] -20/3 0 1.5
9 641 [0, 7, 9] CERTIFIED [True, 'ok'] -2 0 1.5
9 70 [1, 2, 6] CERTIFIED [True, 'ok'] -13/6 0 1.5
9 518 [1, 2, 9] CERTIFIED [True, 'ok'] -6 0 1.5
9 138 [1, 3, 7] CERTIFIED [True, 'ok'] -1 0 1.5
9 134 [1, 2, 7] CERTIFIED [True, 'ok'] -4 0 1.5
9 42 [1, 3, 5] CERTIFIED [True, 'ok'] -9 0 1.5
9 74 [1, 3, 6] CERTIFIED [True, 'ok'] -33/8 0 1.5
9 262 [1, 2, 8] CERTIFIED [True, 'ok'] -7 0 1.5
9 266 [1, 3, 8] CERTIFIED [True, 'ok'] -5 0 1.5
9 26 [1, 3, 4] CERTIFIED [True, 'ok'] -34/3 0 1.5
9 50 [1, 4, 5] CERTIFIED [True, 'ok'] -6 0 1.5
9 522 [1, 3, 9] CERTIFIED [True, 'ok'] -6 0 1.6
9 530 [1, 4, 9] CERTIFIED [True, 'ok'] -2 0 1.4
9 82 [1, 4, 6] CERTIFIED [True, 'ok'] -19/6 0 1.5
9 274 [1, 4, 8] CERTIFIED [True, 'ok'] -23/7 0 1.4
9 146 [1, 4, 7] CERTIFIED [True, 'ok'] -22/15 0 1.5
9 162 [1, 5, 7] CERTIFIED [True, 'ok'] -1 0 1.5
9 98 [1, 5, 6] CERTIFIED [True, 'ok'] -5/3 0 1.5
9 290 [1, 5, 8] CERTIFIED [True, 'ok'] -1/3 0 1.5
9 194 [1, 6, 7] CERTIFIED [True, 'ok'] -4 0 1.5
9 546 [1, 5, 9] CERTIFIED [True, 'ok'] 0 0 1.5
9 322 [1, 6, 8] CERTIFIED [True, 'ok'] -1 0 1.6
9 578 [1, 6, 9] ROOT_FAIL None 9/4 0 1.5
9 386 [1, 7, 8] CERTIFIED [True, 'ok'] -6 0 1.6
9 642 [1, 7, 9] CERTIFIED [True, 'ok'] -2 0 1.5
9 770 [1, 8, 9] CERTIFIED [True, 'ok'] -4 0 1.5
9 28 [2, 3, 4] CERTIFIED [True, 'ok'] -15 0 1.5
9 44 [2, 3, 5] CERTIFIED [True, 'ok'] -12 0 1.6
9 76 [2, 3, 6] CERTIFIED [True, 'ok'] -9 0 1.5
9 268 [2, 3, 8] CERTIFIED [True, 'ok'] -8 0 1.5
9 140 [2, 3, 7] CERTIFIED [True, 'ok'] -11/2 0 1.5
9 524 [2, 3, 9] CERTIFIED [True, 'ok'] -9 0 1.5
9 52 [2, 4, 5] CERTIFIED [True, 'ok'] -15 0 1.5
9 276 [2, 4, 8] CERTIFIED [True, 'ok'] -30/7 0 1.4
9 148 [2, 4, 7] CERTIFIED [True, 'ok'] -19/3 0 1.5
9 84 [2, 4, 6] CERTIFIED [True, 'ok'] -12 0 1.5
9 532 [2, 4, 9] CERTIFIED [True, 'ok'] -5 0 1.5
9 100 [2, 5, 6] CERTIFIED [True, 'ok'] -11 0 1.4
9 164 [2, 5, 7] CERTIFIED [True, 'ok'] -23/4 0 1.4
9 196 [2, 6, 7] CERTIFIED [True, 'ok'] -21/4 0 1.5
9 292 [2, 5, 8] CERTIFIED [True, 'ok'] -26/5 0 1.5
9 548 [2, 5, 9] CERTIFIED [True, 'ok'] -3 0 1.5
9 324 [2, 6, 8] CERTIFIED [True, 'ok'] -18/5 0 1.5
9 580 [2, 6, 9] CERTIFIED [True, 'ok'] -1/4 0 1.6
9 388 [2, 7, 8] CERTIFIED [True, 'ok'] -5 0 1.6
9 772 [2, 8, 9] CERTIFIED [True, 'ok'] -5 0 1.5
9 56 [3, 4, 5] CERTIFIED [True, 'ok'] -18 0 1.6
9 644 [2, 7, 9] CERTIFIED [True, 'ok'] 8/9 0 1.6
9 88 [3, 4, 6] CERTIFIED [True, 'ok'] -15 0 1.6
9 152 [3, 4, 7] CERTIFIED [True, 'ok'] -11 0 1.5
9 280 [3, 4, 8] CERTIFIED [True, 'ok'] -13/3 0 1.5
9 536 [3, 4, 9] CERTIFIED [True, 'ok'] -16/3 0 1.6
9 104 [3, 5, 6] CERTIFIED [True, 'ok'] -16 0 1.5
9 552 [3, 5, 9] CERTIFIED [True, 'ok'] -4 0 1.5
9 168 [3, 5, 7] CERTIFIED [True, 'ok'] -13 0 1.5
9 296 [3, 5, 8] CERTIFIED [True, 'ok'] -37/6 0 1.5
9 392 [3, 7, 8] CERTIFIED [True, 'ok'] -14/3 0 1.4
9 200 [3, 6, 7] CERTIFIED [True, 'ok'] -10 0 1.5
9 328 [3, 6, 8] CERTIFIED [True, 'ok'] -20/3 0 1.5
9 584 [3, 6, 9] CERTIFIED [True, 'ok'] -1/2 0 1.6
9 648 [3, 7, 9] CERTIFIED [True, 'ok'] -9/7 0 1.5
9 776 [3, 8, 9] CERTIFIED [True, 'ok'] -1/3 0 1.5
9 112 [4, 5, 6] CERTIFIED [True, 'ok'] -17 0 1.4
9 304 [4, 5, 8] CERTIFIED [True, 'ok'] -29/3 0 1.4
9 176 [4, 5, 7] CERTIFIED [True, 'ok'] -14 0 1.5
9 560 [4, 5, 9] ROOT_FAIL None 2 0 1.5
9 592 [4, 6, 9] CERTIFIED [True, 'ok'] 1/6 0 1.5
9 208 [4, 6, 7] CERTIFIED [True, 'ok'] -13 0 1.5
9 336 [4, 6, 8] CERTIFIED [True, 'ok'] -10 0 1.5
9 400 [4, 7, 8] CERTIFIED [True, 'ok'] -25/3 0 1.5
9 656 [4, 7, 9] CERTIFIED [True, 'ok'] -5/3 0 1.5
9 784 [4, 8, 9] CERTIFIED [True, 'ok'] -2/3 0 1.5
9 224 [5, 6, 7] CERTIFIED [True, 'ok'] -16 0 1.4
9 352 [5, 6, 8] CERTIFIED [True, 'ok'] -37/3 0 1.5
9 608 [5, 6, 9] CERTIFIED [True, 'ok'] -2 0 1.5
9 800 [5, 8, 9] CERTIFIED [True, 'ok'] -6/7 0 1.4
9 672 [5, 7, 9] CERTIFIED [True, 'ok'] -3 0 1.4
9 448 [6, 7, 8] CERTIFIED [True, 'ok'] -13 0 1.5
9 416 [5, 7, 8] CERTIFIED [True, 'ok'] -32/3 0 1.5
9 832 [6, 8, 9] CERTIFIED [True, 'ok'] -13/3 0 1.4
9 704 [6, 7, 9] CERTIFIED [True, 'ok'] -20/3 0 1.4
9 896 [7, 8, 9] CERTIFIED [True, 'ok'] -6 0 1.4
wall 30.2
