/Users/pavluhin/Documents/Projects/lrx-lab/.venv-official/lib/python3.12/site-packages/gepa/core/engine.py:742: UserWarning: cloudpickle is not installed; falling back to standard pickle. Install it with: pip install gepa[full]  or  pip install cloudpickle
  state.save(self.run_dir, use_cloudpickle=self.use_cloudpickle)
/Users/pavluhin/Documents/Projects/lrx-lab/.venv-official/lib/python3.12/site-packages/gepa/core/engine.py:889: UserWarning: cloudpickle is not installed; falling back to standard pickle. Install it with: pip install gepa[full]  or  pip install cloudpickle
  state.save(self.run_dir, use_cloudpickle=self.use_cloudpickle)
Iteration 0: Base program full valset score: 4.669182256339206 over 14 / 14 examples
Iteration 1: Selected program 0 score: 4.669182256339206
Iteration 1: Proposed new text for current_candidate: """Naive control gadget for the lift task (stdlib, self-contained, deterministic).

For each parent row word W: rotate label m+1 to the front, bubble it cyclically
until it sits right after label m, rotate the remaining atoms onto the parent
unit base (a 'both' split leaves two adjacent zeros, i.e. W lifted by Lemma 1
with z=1 on that block), then replay W treating the pair (m, m+1) as one atom:
L/R over the pair doubles, X with the pair uses a 4-letter transposition.
It is a control, not a target.
"""


def _rot(v, word):
    v = list(v)
    for ch in word:
        if ch == 'L':
            v = v[1:] + v[:1]
        elif ch == 'R':
            v = v[-1:] + v[:-1]
        else:
            v[0], v[1] = v[1], v[0]
    return v


def _lifted(state, word, stretch_gap):
    """Lemma 1 lift of word on the unit base with one extra zero in block `stretch_gap`
    (None = no stretch).  Returns (stretched state, word)."""
    if stretch_gap is None:
        return list(state), word
    gaps, lab = [], 0  # gap of each zero
    for x in state:
        if x:
            lab += 1
        else:
            gaps.append(lab)
    target = gaps.index(stretch_gap)
    a, zi = [], 0
    for x in state:
        if x:
            a.append(x)
        else:
            a.append(-(zi + 1))
            zi += 1
    tz = -(target + 1)
    out = []
    n = len(a)
    c = 0
    for ch in word:  # physical cursor model; the stretched block is 2 zeros wide
        if ch == 'L':
            out.append('LL' if a[c] == tz else 'L')
            c = (c + 1) % n
        elif ch == 'R':
            c = (c - 1) % n
            out.append('RR' if a[c] == tz else 'R')
        else:
            c2 = (c + 1) % n
            if a[c] == tz:
                out.append('LXRX')      # (0^2, y) -> (y, 0^2)
            elif a[c2] == tz:
                out.append('XLXR')      # (y, 0^2) -> (0^2, y)
            else:
                out.append('X')
            a[c], a[c2] = a[c2], a[c]
    st, zi = [], 0
    for x in state:
        if x:
            st.append(x)
        else:
            st.extend([0, 0] if zi == target else [0])
            zi += 1
    return st, ''.join(out)


def _pair_word(state, word, m):
    """Replay word on state with label m replaced by the pair (m, m+1)."""
    a, n, c, out = list(state), len(state), 0, []
    for ch in word:
        if ch == 'L':
            out.append('LL' if a[c] == m else 'L')
            c = (c + 1) % n
        elif ch == 'R':
            c = (c - 1) % n
            out.append('RR' if a[c] == m else 'R')
        else:
            c2 = (c + 1) % n
            out.append('LXRX' if a[c] == m else 'XLXR' if a[c2] == m else 'X')
            a[c], a[c2] = a[c2], a[c]
    return ''.join(out)


def _reduce(word):
    out = []
    for ch in word:
        if out and out[-1] + ch in ('LR', 'RL'):
            out.pop()
        else:
            out.append(ch)
    return ''.join(out)


# Bubble direction for label m+1: 'short' (fewer letters), 'right', 'left'.
DIRECTIONS = ('short', 'right', 'left')


def gadget(instance, parent_word, direction='short'):
    m = instance['m']
    child = instance['child']['unit_base']
    n = len(child)
    pos, split = instance['insert']['position'], instance['insert']['split']
    p = child.index(m + 1)
    head = 'L' * p if p <= n - p else 'R' * (n - p)
    v = _rot(child, head)
    q = v.index(m)
    right = q <= n - 1 - q if direction == 'short' else direction == 'right'
    move = 'XL' * q if right else 'RX' * (n - 1 - q)
    v = _rot(v, move)
    base, word = _lifted(instance['parent']['unit_base'], parent_word, pos if split == 'both' else None)
    pair = []
    for x in base:
        pair.extend([m, m + 1] if x == m else [x])
    shifts = [s for s in range(n) if v[s:] + v[:s] == pair]
    s = shifts[0]
    align = 'L' * s if s <= n - s else 'R' * (n - s)
    return _reduce(head + move + align + _pair_word(base, word, m))


def lift(instance):
    rows = instance['parent']['certificate']['rows']
    words = []
    for direction in DIRECTIONS:
        for r in rows:
            w = gadget(instance, r['word'], direction)
            if w not in words and len(words) < 16:
                words.append(w)
    return {'words': words,
            'note': 'naive control: bubble m+1 next to m, replay parent words with a paired atom'}
Iteration 1: Accepted candidate (subsample score 4.743255152442934 -> 4.756243994879556); running full eval.
Iteration 1: Found a better program on the valset with score 4.750751972977988.
Iteration 1: Valset score for new program: 4.750751972977988 (coverage 14 / 14)
Iteration 1: Val aggregate for new program: 4.750751972977988
Iteration 1: Individual valset scores for new program: {0: 3.6604783349929875, 1: 13.872081712062256, 2: 7.811991392401615, 3: 1.7150460785021058, 4: 1.6680458186124583, 5: 1.5816278014402514, 6: 22.0, 7: 1.5633667003397924, 8: 1.5913816234873246, 9: 3.602957496439474, 10: 0.6272691380587073, 11: 3.6373794762894955, 12: 1.586775626679684, 13: 1.5921264223856881}
Iteration 1: New valset pareto front scores: {0: 3.6604783349929875, 1: 13.872081712062256, 2: 7.811991392401615, 3: 1.7150460785021058, 4: 1.6680458186124583, 5: 1.5816278014402514, 6: 22.0, 7: 1.5633667003397924, 8: 1.5913816234873246, 9: 3.602957496439474, 10: 0.6272691380587073, 11: 3.6373794762894955, 12: 1.586775626679684, 13: 1.5921264223856881}
Iteration 1: Valset pareto front aggregate score: 4.750751972977988
Iteration 1: Updated valset pareto front programs: {0: {1}, 1: {1}, 2: {1}, 3: {1}, 4: {1}, 5: {1}, 6: {0, 1}, 7: {0, 1}, 8: {1}, 9: {1}, 10: {1}, 11: {1}, 12: {1}, 13: {1}}
Iteration 1: Best valset aggregate score so far: 4.750751972977988
Iteration 1: Best program as per aggregate score on valset: 1
Iteration 1: Best score on valset: 4.750751972977988
Iteration 1: Linear pareto front program index: 1
Iteration 1: New program candidate index: 1
{"engine": "gepa", "status": null, "research_status": null, "run_dir": null, "seed_full": null, "verified_best_full": null, "mechanism_evidence": null}
