=== spend {"contacts": 0, "charged_usd": 0, "pool": 360, "max_usd": 15.0} 2026-09-26T11:29:28Z
ebac59b347867592b9b2c48a88f6d1c7498197655eb3878d78cd4b54bd6a7ff0
{"engine": "gepa", "seed": 1, "status": "COMPLETE", "research_status": "NO_VALID_PROPOSAL", "run_dir": "/Users/pavluhin/Documents/Projects/lrx-lab/autoresearch/bound-m-c3-260926/live-gepa-s1-260926-132928", "seed_full": {"combined_score": 183.73514098524856, "certified": 283, "valid": 303, "families": 303, "max_W": "15/7", "per_m_certified": {"9": 138, "10": 145}, "per_m": {"9": {"certified": 138, "families": 153, "pct": 90.19607843137256, "boundary": 1, "invalid": 0, "incomplete": 0, "timeouts": 0, "W": "15/7", "W_complete": true, "G": "76344281/988033200", "per_k": {"2": [10, 17], "3": [15, 17], "4": [15, 17], "5": [16, 17], "6": [16, 17], "7": [15, 17], "8": [17, 17], "9": [17, 17], "10": [17, 17]}}, "10": {"certified": 145, "families": 150, "pct": 96.66666666666667, "boundary": 1, "invalid": 0, "incomplete": 0, "timeouts": 0, "W": "23/16", "W_complete": true, "G": "4073311/196783200", "per_k": {"2": [12, 15], "3": [15, 15], "4": [15, 15], "5": [14, 15], "6": [15, 15], "7": [14, 15], "8": [15, 15], "9": [15, 15], "10": [15, 15], "11": [15, 15]}}}, "trees": 23, "cache_key": "379d3f7b625f00770b31cd11a6e5354b3dcf39ba5e467d80b9db930259771e58"}, "verified_best_full": {"combined_score": 183.73514098524856, "certified": 283, "valid": 303, "families": 303, "max_W": "15/7", "per_m_certified": {"9": 138, "10": 145}, "per_m": {"9": {"certified": 138, "families": 153, "pct": 90.19607843137256, "boundary": 1, "invalid": 0, "incomplete": 0, "timeouts": 0, "W": "15/7", "W_complete": true, "G": "76344281/988033200", "per_k": {"2": [10, 17], "3": [15, 17], "4": [15, 17], "5": [16, 17], "6": [16, 17], "7": [15, 17], "8": [17, 17], "9": [17, 17], "10": [17, 17]}}, "10": {"certified": 145, "families": 150, "pct": 96.66666666666667, "boundary": 1, "invalid": 0, "incomplete": 0, "timeouts": 0, "W": "23/16", "W_complete": true, "G": "4073311/196783200", "per_k": {"2": [12, 15], "3": [15, 15], "4": [15, 15], "5": [14, 15], "6": [15, 15], "7": [14, 15], "8": [15, 15], "9": [15, 15], "10": [15, 15], "11": [15, 15]}}}, "trees": 23, "cache_key": "379d3f7b625f00770b31cd11a6e5354b3dcf39ba5e467d80b9db930259771e58"}}
=== gepa s1 exit 0 status COMPLETE 2026-09-26T11:44:54Z
=== spend {"contacts": 30, "charged_usd": 0.9946827, "pool": 360, "max_usd": 15.0} 2026-09-26T11:44:54Z
ebac59b347867592b9b2c48a88f6d1c7498197655eb3878d78cd4b54bd6a7ff0
{"engine": "sequential", "seed": 1, "status": "COMPLETE", "research_status": "NO_GAIN", "run_dir": "/Users/pavluhin/Documents/Projects/lrx-lab/autoresearch/bound-m-c3-260926/live-sequential-s1-260926-134455", "seed_full": {"combined_score": 183.73514098524856, "certified": 283, "valid": 303, "families": 303, "max_W": "15/7", "per_m_certified": {"9": 138, "10": 145}, "per_m": {"9": {"certified": 138, "families": 153, "pct": 90.19607843137256, "boundary": 1, "invalid": 0, "incomplete": 0, "timeouts": 0, "W": "15/7", "W_complete": true, "G": "76344281/988033200", "per_k": {"2": [10, 17], "3": [15, 17], "4": [15, 17], "5": [16, 17], "6": [16, 17], "7": [15, 17], "8": [17, 17], "9": [17, 17], "10": [17, 17]}}, "10": {"certified": 145, "families": 150, "pct": 96.66666666666667, "boundary": 1, "invalid": 0, "incomplete": 0, "timeouts": 0, "W": "23/16", "W_complete": true, "G": "4073311/196783200", "per_k": {"2": [12, 15], "3": [15, 15], "4": [15, 15], "5": [14, 15], "6": [15, 15], "7": [14, 15], "8": [15, 15], "9": [15, 15], "10": [15, 15], "11": [15, 15]}}}, "trees": 23, "cache_key": "379d3f7b625f00770b31cd11a6e5354b3dcf39ba5e467d80b9db930259771e58"}, "verified_best_full": {"combined_score": 183.73514098524856, "certified": 283, "valid": 303, "families": 303, "max_W": "15/7", "per_m_certified": {"9": 138, "10": 145}, "per_m": {"9": {"certified": 138, "families": 153, "pct": 90.19607843137256, "boundary": 1, "invalid": 0, "incomplete": 0, "timeouts": 0, "W": "15/7", "W_complete": true, "G": "76344281/988033200", "per_k": {"2": [10, 17], "3": [15, 17], "4": [15, 17], "5": [16, 17], "6": [16, 17], "7": [15, 17], "8": [17, 17], "9": [17, 17], "10": [17, 17]}}, "10": {"certified": 145, "families": 150, "pct": 96.66666666666667, "boundary": 1, "invalid": 0, "incomplete": 0, "timeouts": 0, "W": "23/16", "W_complete": true, "G": "4073311/196783200", "per_k": {"2": [12, 15], "3": [15, 15], "4": [15, 15], "5": [14, 15], "6": [15, 15], "7": [14, 15], "8": [15, 15], "9": [15, 15], "10": [15, 15], "11": [15, 15]}}}, "trees": 23, "cache_key": "379d3f7b625f00770b31cd11a6e5354b3dcf39ba5e467d80b9db930259771e58"}}
=== sequential s1 exit 0 status COMPLETE 2026-09-26T12:06:23Z
=== spend {"contacts": 60, "charged_usd": 1.943822925, "pool": 360, "max_usd": 15.0} 2026-09-26T12:06:23Z
ebac59b347867592b9b2c48a88f6d1c7498197655eb3878d78cd4b54bd6a7ff0
{"engine": "adaevolve", "seed": 1, "status": "COMPLETE", "research_status": "MORE_CERTIFIED", "run_dir": "/Users/pavluhin/Documents/Projects/lrx-lab/autoresearch/bound-m-c3-260926/live-adaevolve-s1-260926-140624", "seed_full": {"combined_score": 183.73514098524856, "certified": 283, "valid": 303, "families": 303, "max_W": "15/7", "per_m_certified": {"9": 138, "10": 145}, "per_m": {"9": {"certified": 138, "families": 153, "pct": 90.19607843137256, "boundary": 1, "invalid": 0, "incomplete": 0, "timeouts": 0, "W": "15/7", "W_complete": true, "G": "76344281/988033200", "per_k": {"2": [10, 17], "3": [15, 17], "4": [15, 17], "5": [16, 17], "6": [16, 17], "7": [15, 17], "8": [17, 17], "9": [17, 17], "10": [17, 17]}}, "10": {"certified": 145, "families": 150, "pct": 96.66666666666667, "boundary": 1, "invalid": 0, "incomplete": 0, "timeouts": 0, "W": "23/16", "W_complete": true, "G": "4073311/196783200", "per_k": {"2": [12, 15], "3": [15, 15], "4": [15, 15], "5": [14, 15], "6": [15, 15], "7": [14, 15], "8": [15, 15], "9": [15, 15], "10": [15, 15], "11": [15, 15]}}}, "trees": 23, "cache_key": "379d3f7b625f00770b31cd11a6e5354b3dcf39ba5e467d80b9db930259771e58"}, "verified_best_full": {"combined_score": 187.0119121737523, "certified": 287, "valid": 303, "families": 303, "max_W": "13/7", "per_m_certified": {"9": 141, "10": 146}, "per_m": {"9": {"certified": 141, "families": 153, "pct": 92.15686274509804, "boundary": 1, "invalid": 0, "incomplete": 0, "timeouts": 0, "W": "13/7", "W_complete": true, "G": "54755131/968398200", "per_k": {"2": [10, 17], "3": [16, 17], "4": [17, 17], "5": [16, 17], "6": [16, 17], "7": [15, 17], "8": [17, 17], "9": [17, 17], "10": [17, 17]}}, "10": {"certified": 146, "families": 150, "pct": 97.33333333333333, "boundary": 1, "invalid": 0, "incomplete": 0, "timeouts": 0, "W": "1", "W_complete": true, "G": "31/1950", "per_k": {"2": [12, 15], "3": [15, 15], "4": [15, 15], "5": [14, 15], "6": [15, 15], "7": [15, 15], "8": [15, 15], "9": [15, 15], "10": [15, 15], "11": [15, 15]}}}, "trees": 14, "cache_key": "dd23c788a67b9d191c209d14a070ced3dae601de0629102365431e824c408d1c"}}
=== adaevolve s1 exit 0 status COMPLETE 2026-09-26T12:30:11Z
=== spend {"contacts": 90, "charged_usd": 2.8532328, "pool": 360, "max_usd": 15.0} 2026-09-26T12:30:11Z
ebac59b347867592b9b2c48a88f6d1c7498197655eb3878d78cd4b54bd6a7ff0
{"engine": "evox", "seed": 1, "status": "COMPLETE", "research_status": "NO_GAIN", "run_dir": "/Users/pavluhin/Documents/Projects/lrx-lab/autoresearch/bound-m-c3-260926/live-evox-s1-260926-143011", "seed_full": {"combined_score": 183.73514098524856, "certified": 283, "valid": 303, "families": 303, "max_W": "15/7", "per_m_certified": {"9": 138, "10": 145}, "per_m": {"9": {"certified": 138, "families": 153, "pct": 90.19607843137256, "boundary": 1, "invalid": 0, "incomplete": 0, "timeouts": 0, "W": "15/7", "W_complete": true, "G": "76344281/988033200", "per_k": {"2": [10, 17], "3": [15, 17], "4": [15, 17], "5": [16, 17], "6": [16, 17], "7": [15, 17], "8": [17, 17], "9": [17, 17], "10": [17, 17]}}, "10": {"certified": 145, "families": 150, "pct": 96.66666666666667, "boundary": 1, "invalid": 0, "incomplete": 0, "timeouts": 0, "W": "23/16", "W_complete": true, "G": "4073311/196783200", "per_k": {"2": [12, 15], "3": [15, 15], "4": [15, 15], "5": [14, 15], "6": [15, 15], "7": [14, 15], "8": [15, 15], "9": [15, 15], "10": [15, 15], "11": [15, 15]}}}, "trees": 23, "cache_key": "379d3f7b625f00770b31cd11a6e5354b3dcf39ba5e467d80b9db930259771e58"}, "verified_best_full": {"combined_score": 183.73514098524856, "certified": 283, "valid": 303, "families": 303, "max_W": "15/7", "per_m_certified": {"9": 138, "10": 145}, "per_m": {"9": {"certified": 138, "families": 153, "pct": 90.19607843137256, "boundary": 1, "invalid": 0, "incomplete": 0, "timeouts": 0, "W": "15/7", "W_complete": true, "G": "76344281/988033200", "per_k": {"2": [10, 17], "3": [15, 17], "4": [15, 17], "5": [16, 17], "6": [16, 17], "7": [15, 17], "8": [17, 17], "9": [17, 17], "10": [17, 17]}}, "10": {"certified": 145, "families": 150, "pct": 96.66666666666667, "boundary": 1, "invalid": 0, "incomplete": 0, "timeouts": 0, "W": "23/16", "W_complete": true, "G": "4073311/196783200", "per_k": {"2": [12, 15], "3": [15, 15], "4": [15, 15], "5": [14, 15], "6": [15, 15], "7": [14, 15], "8": [15, 15], "9": [15, 15], "10": [15, 15], "11": [15, 15]}}}, "trees": 23, "cache_key": "379d3f7b625f00770b31cd11a6e5354b3dcf39ba5e467d80b9db930259771e58"}}
=== evox s1 exit 0 status COMPLETE 2026-09-26T12:56:53Z
Traceback (most recent call last):
  File "<frozen runpy>", line 198, in _run_module_as_main
  File "<frozen runpy>", line 88, in _run_code
  File "/Users/pavluhin/Documents/Projects/lrx-lab/integrations/bound_c3.py", line 829, in <module>
    main()
  File "/Users/pavluhin/Documents/Projects/lrx-lab/integrations/bound_c3.py", line 812, in main
    out = kill_check(args.campaign_dir, args.seed, args.first)
          ^^^^^^^^^^^^^^^^^^^^^^^^^^^^^^^^^^^^^^^^^^^^^^^^^^^^
  File "/Users/pavluhin/Documents/Projects/lrx-lab/integrations/bound_c3.py", line 665, in kill_check
    res = B3.evaluate(src, fams, jobs=jobs, cache_dir=ROOT / cc["eval_cache"])
          ^^^^^^^^^^^^^^^^^^^^^^^^^^^^^^^^^^^^^^^^^^^^^^^^^^^^^^^^^^^^^^^^^^^^
  File "/Users/pavluhin/Documents/Projects/lrx-lab/integrations/bound3_evaluator.py", line 344, in evaluate
    runs = list(pool.map(lambda f: run_batch(source, [f], per_family, require_os_sandbox, per_family_wall),
           ^^^^^^^^^^^^^^^^^^^^^^^^^^^^^^^^^^^^^^^^^^^^^^^^^^^^^^^^^^^^^^^^^^^^^^^^^^^^^^^^^^^^^^^^^^^^^^^^
  File "/Users/pavluhin/miniconda3/lib/python3.12/concurrent/futures/_base.py", line 619, in result_iterator
    yield _result_or_cancel(fs.pop())
          ^^^^^^^^^^^^^^^^^^^^^^^^^^^
  File "/Users/pavluhin/miniconda3/lib/python3.12/concurrent/futures/_base.py", line 317, in _result_or_cancel
    return fut.result(timeout)
           ^^^^^^^^^^^^^^^^^^^
  File "/Users/pavluhin/miniconda3/lib/python3.12/concurrent/futures/_base.py", line 449, in result
    return self.__get_result()
           ^^^^^^^^^^^^^^^^^^^
  File "/Users/pavluhin/miniconda3/lib/python3.12/concurrent/futures/_base.py", line 401, in __get_result
    raise self._exception
  File "/Users/pavluhin/miniconda3/lib/python3.12/concurrent/futures/thread.py", line 59, in run
    result = self.fn(*self.args, **self.kwargs)
             ^^^^^^^^^^^^^^^^^^^^^^^^^^^^^^^^^^
  File "/Users/pavluhin/Documents/Projects/lrx-lab/integrations/bound3_evaluator.py", line 344, in <lambda>
    runs = list(pool.map(lambda f: run_batch(source, [f], per_family, require_os_sandbox, per_family_wall),
                                   ^^^^^^^^^^^^^^^^^^^^^^^^^^^^^^^^^^^^^^^^^^^^^^^^^^^^^^^^^^^^^^^^^^^^^^^
  File "/Users/pavluhin/Documents/Projects/lrx-lab/integrations/bound3_evaluator.py", line 105, in run_batch
    os.killpg(proc.pid, signal.SIGKILL)
PermissionError: [Errno 1] Operation not permitted
=== kill check exit 1 2026-09-26T12:59:59Z
=== kill check failed; stopping
