m=14 {0,4 } word_M closed form (lo)  CERTIFIED leaves=1 lhs=['-2'] audit=(True, 'ok') replay=True rederived=True
m=15 {0,4 } word_M closed form (lo)  CERTIFIED leaves=1 lhs=['-4'] audit=(True, 'ok') replay=True rederived=True
m=15 {0,5 } word_M closed form (lo)  CERTIFIED leaves=1 lhs=['-1'] audit=(True, 'ok') replay=True rederived=True
m=15 {0,11} word_M closed form (hi)  CERTIFIED leaves=1 lhs=['-1'] audit=(True, 'ok') replay=True rederived=True
m=16 {0,5 } word_M closed form (lo)  CERTIFIED leaves=1 lhs=['-5'] audit=(True, 'ok') replay=True rederived=True
m=16 {0,6 } word_M closed form (lo)  CERTIFIED leaves=1 lhs=['-2'] audit=(True, 'ok') replay=True rederived=True
m=16 {0,11} word_M closed form (hi)  CERTIFIED leaves=1 lhs=['-2'] audit=(True, 'ok') replay=True rederived=True
m=17 {0,5 } word_M closed form (lo)  CERTIFIED leaves=1 lhs=['-7'] audit=(True, 'ok') replay=True rederived=True
m=17 {0,6 } word_M closed form (lo)  CERTIFIED leaves=1 lhs=['-4'] audit=(True, 'ok') replay=True rederived=True
m=17 {0,12} word_M closed form (hi)  CERTIFIED leaves=1 lhs=['-4'] audit=(True, 'ok') replay=True rederived=True
m=18 {0,5 } word_M closed form (lo)  CERTIFIED leaves=1 lhs=['-5'] audit=(True, 'ok') replay=True rederived=True
m=18 {0,6 } word_M closed form (lo)  CERTIFIED leaves=1 lhs=['-2'] audit=(True, 'ok') replay=True rederived=True
m=18 {0,13} word_M closed form (hi)  CERTIFIED leaves=1 lhs=['-2'] audit=(True, 'ok') replay=True rederived=True
m=19 {0,5 } word_M closed form (lo)  CERTIFIED leaves=1 lhs=['-7'] audit=(True, 'ok') replay=True rederived=True
m=19 {0,6 } word_M closed form (lo)  CERTIFIED leaves=1 lhs=['-4'] audit=(True, 'ok') replay=True rederived=True
m=19 {0,7 } word_M closed form (lo)  CERTIFIED leaves=1 lhs=['-1'] audit=(True, 'ok') replay=True rederived=True
m=19 {0,13} word_M closed form (hi)  CERTIFIED leaves=1 lhs=['-1'] audit=(True, 'ok') replay=True rederived=True
m=19 {0,14} word_M closed form (hi)  CERTIFIED leaves=1 lhs=['-4'] audit=(True, 'ok') replay=True rederived=True
m=20 {0,6 } word_M closed form (lo)  CERTIFIED leaves=1 lhs=['-8'] audit=(True, 'ok') replay=True rederived=True
m=20 {0,7 } word_M closed form (lo)  CERTIFIED leaves=1 lhs=['-5'] audit=(True, 'ok') replay=True rederived=True
m=20 {0,8 } word_M closed form (lo)  CERTIFIED leaves=1 lhs=['-2'] audit=(True, 'ok') replay=True rederived=True
m=20 {0,13} word_M closed form (hi)  CERTIFIED leaves=1 lhs=['-2'] audit=(True, 'ok') replay=True rederived=True
m=20 {0,14} word_M closed form (hi)  CERTIFIED leaves=1 lhs=['-5'] audit=(True, 'ok') replay=True rederived=True
m=21 {0,6 } word_M closed form (lo)  CERTIFIED leaves=1 lhs=['-10'] audit=(True, 'ok') replay=True rederived=True
m=21 {0,7 } word_M closed form (lo)  CERTIFIED leaves=1 lhs=['-7'] audit=(True, 'ok') replay=True rederived=True
m=21 {0,14} word_M closed form (hi)  CERTIFIED leaves=1 lhs=['-4'] audit=(True, 'ok') replay=True rederived=True
m=21 {0,15} word_M closed form (hi)  CERTIFIED leaves=1 lhs=['-7'] audit=(True, 'ok') replay=True rederived=True
m=22 {0,6 } word_M closed form (lo)  CERTIFIED leaves=1 lhs=['-8'] audit=(True, 'ok') replay=True rederived=True
m=22 {0,7 } word_M closed form (lo)  CERTIFIED leaves=1 lhs=['-5'] audit=(True, 'ok') replay=True rederived=True
m=22 {0,15} word_M closed form (hi)  CERTIFIED leaves=1 lhs=['-2'] audit=(True, 'ok') replay=True rederived=True
m=22 {0,16} word_M closed form (hi)  CERTIFIED leaves=1 lhs=['-5'] audit=(True, 'ok') replay=True rederived=True
m=23 {0,6 } word_M closed form (lo)  CERTIFIED leaves=1 lhs=['-10'] audit=(True, 'ok') replay=True rederived=True
m=23 {0,7 } word_M closed form (lo)  CERTIFIED leaves=1 lhs=['-7'] audit=(True, 'ok') replay=True rederived=True
m=23 {0,8 } word_M closed form (lo)  CERTIFIED leaves=1 lhs=['-4'] audit=(True, 'ok') replay=True rederived=True
m=23 {0,9 } word_M closed form (lo)  CERTIFIED leaves=1 lhs=['-1'] audit=(True, 'ok') replay=True rederived=True
m=23 {0,15} word_M closed form (hi)  CERTIFIED leaves=1 lhs=['-1'] audit=(True, 'ok') replay=True rederived=True
m=23 {0,16} word_M closed form (hi)  CERTIFIED leaves=1 lhs=['-4'] audit=(True, 'ok') replay=True rederived=True
m=23 {0,17} word_M closed form (hi)  CERTIFIED leaves=1 lhs=['-7'] audit=(True, 'ok') replay=True rederived=True
m=24 {0,7 } word_M closed form (lo)  CERTIFIED leaves=1 lhs=['-11'] audit=(True, 'ok') replay=True rederived=True
m=24 {0,8 } word_M closed form (lo)  CERTIFIED leaves=1 lhs=['-8'] audit=(True, 'ok') replay=True rederived=True
m=24 {0,9 } word_M closed form (lo)  CERTIFIED leaves=1 lhs=['-5'] audit=(True, 'ok') replay=True rederived=True
m=24 {0,15} word_M closed form (hi)  CERTIFIED leaves=1 lhs=['-2'] audit=(True, 'ok') replay=True rederived=True
m=24 {0,16} word_M closed form (hi)  CERTIFIED leaves=1 lhs=['-5'] audit=(True, 'ok') replay=True rederived=True
m=24 {0,17} word_M closed form (hi)  CERTIFIED leaves=1 lhs=['-8'] audit=(True, 'ok') replay=True rederived=True
m=14 {0,5 } word_K root LP (v1 pool) CERTIFIED leaves=1 lhs=['-5/3'] audit=(True, 'ok') replay=True rederived=True
m=14 {0,10} word_K root LP (v1 pool) CERTIFIED leaves=1 lhs=['-5/3'] audit=(True, 'ok') replay=True rederived=True
m=15 {0,6 } word_K root LP (v1 pool) CERTIFIED leaves=1 lhs=['0'] audit=(True, 'ok') replay=True rederived=True
m=15 {0,10} word_K root LP (v1 pool) CERTIFIED leaves=1 lhs=['0'] audit=(True, 'ok') replay=True rederived=True
m=17 {0,11} word_K root LP (v1 pool) CERTIFIED leaves=1 lhs=['1/6'] audit=(True, 'ok') replay=True rederived=True
m=18 {0,7 } word_K root LP (v1 pool) CERTIFIED leaves=1 lhs=['-1/6'] audit=(True, 'ok') replay=True rederived=True
m=18 {0,12} word_K root LP (v1 pool) CERTIFIED leaves=1 lhs=['0'] audit=(True, 'ok') replay=True rederived=True
m=17 {0,7 } word_K root LP (v2 pool) CERTIFIED leaves=1 lhs=['1/2'] audit=(True, 'ok') replay=True rederived=True
m=19 {0,12} word_K root LP (v2 pool) CERTIFIED leaves=1 lhs=['0'] audit=(True, 'ok') replay=True rederived=True
m=21 {0,8 } word_K root LP (v2 pool) CERTIFIED leaves=1 lhs=['-3'] audit=(True, 'ok') replay=True rederived=True
m=21 {0,13} word_K root LP (v2 pool) CERTIFIED leaves=1 lhs=['1/2'] audit=(True, 'ok') replay=True rederived=True
m=22 {0,8 } word_K root LP (v2 pool) CERTIFIED leaves=1 lhs=['-14/3'] audit=(True, 'ok') replay=True rederived=True
m=22 {0,14} word_K root LP (v2 pool) CERTIFIED leaves=1 lhs=['-4/3'] audit=(True, 'ok') replay=True rederived=True
m=11 {0,4 } carry pools, root        CERTIFIED leaves=1 lhs=['0'] audit=(True, 'ok') replay=True rederived=None
m=13 {0,5 } carry pools, root        CERTIFIED leaves=1 lhs=['-1/6'] audit=(True, 'ok') replay=True rederived=None
closed form m=14: lo [4] hi []
closed form m=15: lo [4, 5] hi [11]
closed form m=16: lo [5, 6] hi [11]
closed form m=17: lo [5, 6] hi [12]
closed form m=18: lo [5, 6] hi [13]
closed form m=19: lo [5, 6, 7] hi [13, 14]
closed form m=20: lo [6, 7, 8] hi [13, 14]
closed form m=21: lo [6, 7] hi [14, 15]
closed form m=22: lo [6, 7] hi [15, 16]
closed form m=23: lo [6, 7, 8, 9] hi [15, 16, 17]
closed form m=24: lo [7, 8, 9] hi [15, 16, 17]
closed form m=25: lo [7, 8] hi [17, 18]
closed form m=26: lo [7, 8, 9] hi [18, 19]
closed form m=27: lo [7, 8, 9, 10, 11] hi [17, 18, 19, 20]
closed form m=28: lo [8, 9, 10] hi [18, 19, 20]
closed form m=29: lo [8, 9, 10] hi [20, 21]
closed form m=30: lo [8, 9, 10] hi [20, 21, 22]
closed form m=31: lo [8, 9, 10, 11, 12] hi [19, 20, 21, 22, 23]
closed form m=32: lo [9, 10, 11, 12] hi [21, 22, 23]
closed form m=33: lo [9, 10, 11] hi [22, 23, 24]
closed form m=34: lo [9, 10, 11] hi [23, 24, 25]
closed form m=35: lo [9, 10, 11, 12, 13, 14] hi [22, 23, 24, 25, 26]
closed form m=36: lo [10, 11, 12, 13] hi [23, 24, 25, 26]
closed form m=37: lo [10, 11, 12] hi [25, 26, 27]
closed form m=38: lo [10, 11, 12, 13] hi [26, 27, 28]
closed form m=39: lo [10, 11, 12, 13, 14, 15] hi [24, 25, 26, 27, 28, 29]
closed form m=40: lo [11, 12, 13, 14] hi [26, 27, 28, 29]
closed form m=41: lo [11, 12, 13, 14] hi [28, 29, 30]
closed form m=42: lo [11, 12, 13, 14] hi [28, 29, 30, 31]
closed form m=43: lo [11, 12, 13, 14, 15, 16] hi [27, 28, 29, 30, 31, 32]
closed form m=44: lo [12, 13, 14, 15, 16] hi [29, 30, 31, 32]
closed form m=45: lo [12, 13, 14, 15] hi [30, 31, 32, 33]
closed form m=46: lo [12, 13, 14, 15] hi [31, 32, 33, 34]
closed form m=47: lo [12, 13, 14, 15, 16, 17, 18] hi [30, 31, 32, 33, 34, 35]
closed form m=48: lo [13, 14, 15, 16, 17] hi [31, 32, 33, 34, 35]
closed form m=49: lo [13, 14, 15, 16] hi [33, 34, 35, 36]
closed form m=50: lo [13, 14, 15, 16, 17] hi [34, 35, 36, 37]
closed form m=51: lo [13, 14, 15, 16, 17, 18, 19] hi [32, 33, 34, 35, 36, 37, 38]
closed form m=52: lo [14, 15, 16, 17, 18] hi [34, 35, 36, 37, 38]
closed form m=53: lo [14, 15, 16, 17, 18] hi [36, 37, 38, 39]
closed form m=54: lo [14, 15, 16, 17, 18] hi [36, 37, 38, 39, 40]
closed form m=55: lo [14, 15, 16, 17, 18, 19, 20] hi [35, 36, 37, 38, 39, 40, 41]
closed form m=56: lo [15, 16, 17, 18, 19, 20] hi [37, 38, 39, 40, 41]
closed form m=57: lo [15, 16, 17, 18, 19] hi [38, 39, 40, 41, 42]
closed form m=58: lo [15, 16, 17, 18, 19] hi [39, 40, 41, 42, 43]
closed form m=59: lo [15, 16, 17, 18, 19, 20, 21, 22] hi [38, 39, 40, 41, 42, 43, 44]
closed form m=60: lo [16, 17, 18, 19, 20, 21] hi [39, 40, 41, 42, 43, 44]
closed form: 160 rows scored by evaluator + audit (m <= 40), 207 rows by replay + criterion (7)
problems: none
