repair 8 False 1653 0.4071274170128163
repair 9 True 20 0.011495292012114078
m8r9-all-geodesics 1 True 79
m8r9-all-geodesics 2 True 79
m8r9-all-geodesics 3 True 77
m8r9-all-geodesics 4 True 77
m8r9-all-geodesics 5 True 80
m8r9-all-geodesics 6 True 80
m8r9-all-geodesics 7 True 77
m8r9-all-geodesics 8 True 77
m8r9-all-geodesics 9 True 81
m8r9-all-geodesics 10 True 80
m8r9-all-geodesics 11 True 79
m8r9-all-geodesics 12 True 83
m8r9-all-geodesics 13 True 82
m8r9-all-geodesics 14 True 79
m8r9-all-geodesics 15 True 78
m8r9-all-geodesics 16 True 78
m8r9-all-geodesics 17 True 79
m8r9-all-geodesics 18 True 78
m8r9-all-geodesics 19 True 81
m8r9-all-geodesics 20 True 80
m8r9-all-geodesics 21 True 81
m8r9-all-geodesics 22 True 79
m8r9-all-geodesics 23 True 79
m8r9-all-geodesics 24 True 81
m8r9-all-geodesics 25 True 80
m8r9-all-geodesics 26 True 80
m8r9-all-geodesics 27 True 77
m8r9-all-geodesics 28 True 77
m8r9-all-geodesics 29 True 77
m8r9-all-geodesics 30 True 79
m8r9-all-geodesics 31 True 80
m8r9-all-geodesics 32 True 77
m8r9-all-geodesics 33 True 80
m8r9-all-geodesics 34 True 81
m8r9-all-geodesics 35 True 77
m8r9-all-geodesics 36 True 77
m8r9-all-geodesics 37 True 78
m8r9-all-geodesics 38 True 79
m8r9-all-geodesics 39 True 79
m8r9-all-geodesics 40 True 77
m8r9-all-geodesics 41 True 77
m8r9-all-geodesics 42 True 80
m8r9-all-geodesics 43 True 78
m8r9-all-geodesics 44 True 81
m8r9-all-geodesics 45 True 80
m8r9-all-geodesics 46 True 79
m8r9-all-geodesics 47 True 77
m8r9-all-geodesics 48 True 80
m8r9-all-geodesics 49 True 77
m8r9-all-geodesics 50 True 80
m8r9-all-geodesics 51 True 77
m8r9-all-geodesics 52 True 77
m8r9-all-geodesics 53 True 78
m8r9-all-geodesics 54 True 78
m8r9-all-geodesics 55 True 79
m8r9-all-geodesics 56 True 81
m8r9-all-geodesics 57 True 78
m8r9-all-geodesics 58 True 80
m8r9-all-geodesics 59 True 80
m8r9-all-geodesics 60 True 80
m8r9-all-geodesics 61 True 78
m8r9-all-geodesics 62 True 79
m8r9-all-geodesics 63 True 79
m8r9-all-geodesics 64 True 79
m8r9-all-geodesics 65 True 81
m8r9-all-geodesics 66 True 79
m8r9-all-geodesics 67 True 78
m8r9-all-geodesics 68 True 78
m8r9-all-geodesics 69 True 79
m8r9-all-geodesics 70 True 77
m8r9-all-geodesics 71 True 79
m8r9-all-geodesics 72 True 78
m8r9-all-geodesics 73 True 79
m8r9-all-geodesics 74 True 79
m8r9-all-geodesics 75 True 79
m8r9-all-geodesics 76 True 80
m8r9-all-geodesics 77 True 79
m8r9-all-geodesics 78 True 77
m8r9-all-geodesics 79 True 77
m8r9-all-geodesics 80 True 80
m8r9-all-geodesics 81 True 82
m8r9-all-geodesics 82 True 78
m8r9-all-geodesics 83 True 78
m8r9-all-geodesics 84 True 79
m8r9-all-geodesics 85 True 77
m8r9-all-geodesics 86 True 79
m8r9-all-geodesics 87 True 77
m8r9-all-geodesics 88 True 80
m8r9-all-geodesics 89 True 82
m8r9-all-geodesics 90 True 78
m8r9-all-geodesics 91 True 78
m8r9-all-geodesics 92 True 79
m8r9-all-geodesics 93 True 77
m8r9-all-geodesics 94 True 81
m8r9-all-geodesics 95 True 81
m8r9-all-geodesics 96 True 77
m8r9-all-geodesics 97 True 80
m8r9-all-geodesics 98 True 80
m8r9-all-geodesics 99 True 80
m8r9-all-geodesics 100 True 80
m8r9-all-geodesics 101 True 80
m8r9-all-geodesics 102 True 77
m8r9-all-geodesics 103 True 79
m8r9-all-geodesics 104 True 80
m8r9-all-geodesics 105 True 79
m8r9-all-geodesics 106 True 77
m8r9-all-geodesics 107 True 77
m8r9-all-geodesics 108 True 78
m8r9-all-geodesics 109 True 79
m8r9-all-geodesics 110 True 78
m8r9-all-geodesics 111 True 79
m8r9-all-geodesics 112 True 79
m8r9-all-geodesics 113 True 78
m8r9-all-geodesics 114 True 78
m8r9-all-geodesics 115 True 77
m8r9-all-geodesics 116 True 80
m8r9-all-geodesics 117 True 77
m8r9-all-geodesics 118 True 77
m8r9-all-geodesics 119 True 77
m8r9-all-geodesics 120 True 79
m8r9-all-geodesics 121 True 78
m8r9-all-geodesics 122 True 77
m8r9-all-geodesics 123 True 78
m8r9-all-geodesics 124 True 79
m8r9-all-geodesics 125 True 80
m8r9-all-geodesics 126 True 78
m8r9-all-geodesics 127 True 78
m8r9-all-geodesics 128 True 77
m8r9-all-geodesics 129 True 80
m8r9-all-geodesics 130 True 81
m8r9-all-geodesics 131 True 80
m8r9-all-geodesics 132 True 77
m8r9-all-geodesics 133 True 77
m8r9-all-geodesics 134 True 81
m8r9-all-geodesics 135 True 81
m8r9-all-geodesics 136 True 78
m8r9-all-geodesics 137 True 81
m8r9-all-geodesics 138 True 80
m8r9-all-geodesics 139 True 82
m8r9-all-geodesics 140 True 78
m8r9-all-geodesics 141 True 78
m8r9-all-geodesics 142 True 79
m8r9-all-geodesics 143 True 81
m8r9-all-geodesics 144 True 81
m8r9-all-geodesics 145 True 78
m8r9-all-geodesics 146 True 79
m8r9-all-geodesics 147 True 79
m8r9-all-geodesics 148 True 77
m8r9-all-geodesics 149 True 80
m8r9-all-geodesics 150 True 79
m8r9-all-geodesics 151 True 77
m8r9-all-geodesics 152 True 77
m8r9-all-geodesics 153 True 77
m8r9-all-geodesics 154 True 77
m8r9-all-geodesics 155 True 79
m8r9-all-geodesics 156 True 79
m8r9-all-geodesics 157 True 78
m8r9-all-geodesics 158 True 77
m8r9-all-geodesics 159 True 80
m8r9-all-geodesics 160 True 78
m8r9-all-geodesics 161 True 79
m8r9-all-geodesics 162 True 79
m8r9-all-geodesics 163 True 77
m8r9-all-geodesics 164 True 77
m8r9-all-geodesics 165 True 77
m8r9-all-geodesics 166 True 78
m8r9-all-geodesics 167 True 81
m8r9-all-geodesics 168 True 82
m8r9-all-geodesics 169 True 79
m8r9-all-geodesics 170 True 77
m8r9-all-geodesics 171 True 77
m8r9-all-geodesics 172 True 78
m8r9-all-geodesics 173 True 80
m8r9-all-geodesics 174 True 77
m8r9-all-geodesics 175 True 78
m8r9-all-geodesics 176 True 81
m8r9-all-geodesics 177 True 78
m8r9-all-geodesics 178 True 79
m8r9-all-geodesics 179 True 81
m8r9-all-geodesics 180 True 78
m8r9-all-geodesics 181 True 78
m8r9-all-geodesics 182 True 79
m8r9-all-geodesics 183 True 81
m8r9-all-geodesics 184 True 79
m8r9-all-geodesics 185 True 79
m8r9-all-geodesics 186 True 78
m8r9-all-geodesics 187 True 80
m8r9-all-geodesics 188 True 80
m8r9-all-geodesics 189 True 78
m8r9-all-geodesics 190 True 78
m8r9-all-geodesics 191 True 79
m8r9-all-geodesics 192 True 81
m8r9-all-geodesics 193 True 80
m8r9-all-geodesics 194 True 80
m8r9-all-geodesics 195 True 79
m8r9-all-geodesics 196 True 81
m8r9-all-geodesics 197 True 77
m8r9-all-geodesics 198 True 80
m8r9-all-geodesics 199 True 79
m8r9-all-geodesics 200 True 77
m8r9-all-geodesics 201 True 78
m8r9-all-geodesics 202 True 80
m8r9-all-geodesics 203 True 79
m8r9-all-geodesics 204 True 83
m8r9-all-geodesics 205 True 79
m8r9-all-geodesics 206 True 79
m8r9-all-geodesics 207 True 78
m8r9-all-geodesics 208 True 78
m8r9-all-geodesics 209 True 81
m8r9-all-geodesics 210 True 77
m8r9-all-geodesics 211 True 78
m8r9-all-geodesics 212 True 80
m8r9-all-geodesics 213 True 78
m8r9-all-geodesics 214 True 78
m8r9-all-geodesics 215 True 77
m8r9-all-geodesics 216 True 78
m8r9-all-geodesics 217 True 77
m8r9-all-geodesics 218 True 79
m8r9-all-geodesics 219 True 77
m8r9-all-geodesics 220 True 79
m8r9-all-geodesics 221 True 79
m8r9-all-geodesics 222 True 81
m8r9-all-geodesics 223 True 80
m8r9-all-geodesics 224 True 79
m8r9-all-geodesics 225 True 78
m8r9-all-geodesics 226 True 78
m8r9-all-geodesics 227 True 77
m8r9-all-geodesics 228 True 80
m8r9-all-geodesics 229 True 79
m8r9-all-geodesics 230 True 79
m8r9-all-geodesics 231 True 79
m8r9-all-geodesics 232 True 79
m8r9-all-geodesics 233 True 77
m8r9-all-geodesics 234 True 77
m8r9-all-geodesics 235 True 77
m8r9-all-geodesics 236 True 79
m8r9-all-geodesics 237 True 78
m8r9-all-geodesics 238 True 78
m8r9-all-geodesics 239 True 77
m8r9-all-geodesics 240 True 79
m8r9-all-geodesics 241 True 77
m8r9-all-geodesics 242 True 78
m8r9-all-geodesics 243 True 79
m8r9-all-geodesics 244 True 78
m8r9-all-geodesics 245 True 78
m8r9-all-geodesics 246 True 77
m8r9-all-geodesics 247 True 78
m8r9-all-geodesics 248 True 77
m8r9-all-geodesics 249 True 80
m8r9-all-geodesics 250 True 78
m8r9-all-geodesics 251 True 79
m8r9-all-geodesics 252 True 80
m8r9-all-geodesics 253 True 77
m8r9-all-geodesics 254 True 78
m8r9-all-geodesics 255 True 78
m8r9-all-geodesics 256 True 79
m8r9-all-geodesics 257 True 77
m8r9-all-geodesics 258 True 80
m8r9-all-geodesics 259 True 79
m8r9-all-geodesics 260 True 81
m8r9-all-geodesics 261 True 79
m8r9-all-geodesics 262 True 77
m8r9-all-geodesics 263 True 77
m8r9-all-geodesics 264 True 78
m8r9-all-geodesics 265 True 77
m8r9-all-geodesics 266 True 80
m8r9-all-geodesics 267 True 78
m8r9-all-geodesics 268 True 79
m8r9-all-geodesics 269 True 79
m8r9-all-geodesics 270 True 78
m8r9-all-geodesics 271 True 79
m8r9-all-geodesics 272 True 77
m8r9-all-geodesics 273 True 80
m8r9-all-geodesics 274 True 79
m8r9-all-geodesics 275 True 77
m8r9-all-geodesics 276 True 78
m8r9-all-geodesics 277 True 79
m8r9-all-geodesics 278 True 81
m8r9-all-geodesics 279 True 79
m8r9-all-geodesics 280 True 77
m8r9-all-geodesics 281 True 79
m8r9-all-geodesics 282 True 79
m8r9-all-geodesics 283 True 77
m8r9-all-geodesics 284 True 81
m8r9-all-geodesics 285 True 81
m8r9-all-geodesics 286 True 79
m8r9-all-geodesics 287 True 79
m8r9-all-geodesics 288 True 80
m8r9-all-geodesics 289 True 82
m8r9-all-geodesics 290 True 80
m8r9-all-geodesics 291 True 80
m8r9-all-geodesics 292 True 77
m8r9-all-geodesics 293 True 77
m8r9-all-geodesics 294 True 79
m8r9-all-geodesics 295 True 78
m8r9-all-geodesics 296 True 79
m8r9-all-geodesics 297 True 81
m8r9-all-geodesics 298 True 79
m8r9-all-geodesics 299 True 77
m8r9-all-geodesics 300 True 78
m8r9-all-geodesics 301 True 79
m8r9-all-geodesics 302 True 78
m8r9-all-geodesics 303 True 80
m8r9-all-geodesics 304 True 79
m8r9-all-geodesics 305 True 80
m8r9-all-geodesics 306 True 80
m8r9-all-geodesics 307 True 79
m8r9-all-geodesics 308 True 77
m8r9-all-geodesics 309 True 78
m8r9-all-geodesics 310 True 77
m8r9-all-geodesics 311 True 79
m8r9-all-geodesics 312 True 81
m8r9-all-geodesics 313 True 79
m8r9-all-geodesics 314 True 78
m8r9-all-geodesics 315 True 78
m8r9-all-geodesics 316 True 79
m8r9-all-geodesics 317 True 78
m8r9-all-geodesics 318 True 81
m8r9-all-geodesics 319 True 81
m8r9-all-geodesics 320 True 80
m8r9-all-geodesics 321 True 81
m8r9-all-geodesics 322 True 78
m8r9-all-geodesics 323 True 78
m8r9-all-geodesics 324 True 79
m8r9-all-geodesics 325 True 81
m8r9-all-geodesics 326 True 80
m8r9-all-geodesics 327 True 78
m8r9-all-geodesics 328 True 78
m8r9-all-geodesics 329 True 78
m8r9-all-geodesics 330 True 81
m8r9-all-geodesics 331 True 81
m8r9-all-geodesics 332 True 78
m8r9-all-geodesics 333 True 79
m8r9-all-geodesics 334 True 79
m8r9-all-geodesics 335 True 78
m8r9-all-geodesics 336 True 79
m8r9-all-geodesics 337 True 79
m8r9-all-geodesics 338 True 77
m8r9-all-geodesics 339 True 78
m8r9-all-geodesics 340 True 78
m8r9-all-geodesics 341 True 79
m8r9-all-geodesics 342 True 79
m8r9-all-geodesics 343 True 79
m8r9-all-geodesics 344 True 81
m8r9-all-geodesics 345 True 78
m8r9-all-geodesics 346 True 79
