m8r5-geodesics 1 True 56
m8r5-geodesics 2 True 54
m8r5-geodesics 3 True 54
m8r5-geodesics 4 True 57
m8r5-geodesics 5 True 58
m8r5-geodesics 6 True 55
m8r5-geodesics 7 True 56
m8r5-geodesics 8 True 58
m8r5-geodesics 9 True 56
m8r5-geodesics 10 True 58
m8r5-geodesics 11 True 56
m8r5-geodesics 12 True 56
m8r5-geodesics 13 True 54
m8r5-geodesics 14 True 54
m8r5-geodesics 15 True 57
m8r5-geodesics 16 True 55
m8r5-geodesics 17 True 56
m8r5-geodesics 18 True 58
m8r5-geodesics 19 True 57
m8r5-geodesics 20 True 56
m8r5-geodesics 21 True 55
m8r5-geodesics 22 True 54
m8r5-geodesics 23 True 54
m8r5-geodesics 24 True 55
m8r5-geodesics 25 True 55
m8r5-geodesics 26 True 56
m8r5-geodesics 27 True 58
m8r9-geodesics 1 True 79
m8r9-geodesics 2 True 78
m8r9-geodesics 3 True 80
m8r9-geodesics 4 True 79
m8r9-geodesics 5 True 78
m8r9-geodesics 6 True 80
m8r9-geodesics 7 True 78
m8r9-geodesics 8 True 77
m8r9-geodesics 9 True 78
m8r9-geodesics 10 True 78
m8r9-geodesics 11 True 77
m8r9-geodesics 12 True 78
m8r9-geodesics 13 True 78
m8r9-geodesics 14 True 81
m8r9-geodesics 15 True 78
m8r9-geodesics 16 True 78
m8r9-geodesics 17 True 77
m8r9-geodesics 18 True 79
m8r9-geodesics 19 True 79
m8r9-geodesics 20 True 79
m8r9-geodesics 21 True 79
m8r9-geodesics 22 True 79
m8r9-geodesics 23 True 81
m8r9-geodesics 24 True 79
m8r3-control 1 False 49
m9r3-control 1 False 61
