1 27 positive 0.04
2 27 positive 1.947
3 27 positive 3.608
4 27 positive 2.761
5 27 positive 1.966
6 27 positive 1.933
7 27 positive 2.062
8 27 positive 0.151
9 27 positive 0.123
10 27 positive 0.047
11 27 positive 1.13
12 27 positive 1.642
13 27 positive 1.564
14 27 positive 1.682
15 27 positive 1.384
16 27 positive 1.391
17 27 positive 0.259
18 27 positive 0.149
19 27 positive 0.054
20 27 positive 0.051
21 27 positive 0.491
22 27 positive 0.487
23 27 positive 0.492
24 27 positive 0.509
25 27 positive 0.466
26 27 positive 0.461
27 27 positive 0.156
