9 1 8 0.1
9 2 34 0.1
9 3 0 0.1
9 6 0 0.1
9 4 0 0.1
9 5 0 0.1
9 7 9 0.1
9 9 3 0.1
9 8 16 0.1
10 1 10 0.1
10 2 10 0.2
10 3 0 0.2
10 6 0 0.2
10 4 0 0.2
10 5 0 0.2
10 7 14 0.2
10 8 6 0.1
10 9 11 0.1
10 10 0 0.1
11 1 5 0.2
11 2 17 0.2
11 3 14 0.2
11 4 0 0.3
11 5 0 0.3
11 6 0 0.3
11 7 0 0.2
11 8 0 0.2
11 9 8 0.2
11 11 3 0.2
11 10 11 0.2
12 1 6 0.2
12 2 11 0.3
12 3 0 0.3
12 4 0 0.3
12 6 0 0.4
12 5 0 0.4
12 7 0 0.3
12 9 7 0.3
12 8 0 0.4
12 12 0 0.2
12 10 7 0.3
12 11 11 0.2
13 1 3 0.3
13 2 13 0.4
13 3 7 0.4
13 4 0 0.5
13 5 0 0.5
13 6 0 0.5
13 7 0 0.5
13 12 9 0.3
13 8 0 0.5
13 9 5 0.4
13 11 11 0.4
13 10 4 0.4
13 13 3 0.2
14 1 6 0.4
14 2 13 0.5
14 3 4 0.5
14 4 13 0.6
14 6 0 0.6
14 5 0 0.6
14 7 0 0.6
14 8 0 0.6
14 12 5 0.4
14 9 0 0.6
14 10 0 0.6
14 11 14 0.5
14 13 11 0.4
14 14 0 0.3
15 1 3 0.5
15 2 13 0.6
15 3 11 0.7
15 4 0 0.7
15 5 0 0.8
15 6 0 0.8
15 7 0 0.7
15 8 0 0.8
15 9 0 0.7
15 10 0 0.7
15 12 11 0.6
15 11 3 0.7
15 13 8 0.6
15 15 3 0.4
15 14 9 0.5
16 1 6 0.6
16 2 8 0.7
16 3 8 0.8
16 4 3 0.9
16 5 0 0.9
16 6 0 0.9
16 7 0 0.9
16 8 0 0.9
16 9 0 0.9
16 10 0 0.9
16 11 0 0.9
16 12 3 0.9
16 13 15 0.8
16 14 5 0.7
16 15 9 0.6
16 16 0 0.5
17 1 3 0.7
17 2 8 0.8
17 3 13 1.0
17 5 0 1.1
17 4 4 1.1
17 6 0 1.1
17 7 0 1.1
17 8 0 1.1
17 9 0 1.1
17 10 0 1.1
17 11 0 1.1
17 12 0 1.0
17 13 8 1.1
17 14 12 0.9
17 15 6 0.9
17 17 3 0.6
17 16 9 0.7
18 1 6 0.9
18 2 6 1.0
18 3 10 1.2
18 4 9 1.3
18 6 0 1.3
18 5 0 1.4
18 7 0 1.3
18 8 0 1.3
18 9 0 1.3
18 10 0 1.4
18 11 0 1.4
18 12 0 1.4
18 13 0 1.3
18 14 11 1.3
18 15 14 1.2
18 18 0 0.8
18 17 9 0.9
18 16 5 1.0
19 1 3 1.1
19 2 6 1.3
19 3 13 1.4
19 4 8 1.6
19 5 0 1.6
19 6 0 1.7
19 7 0 1.7
19 8 0 1.6
19 9 0 1.7
19 10 0 1.6
19 11 0 1.6
19 12 0 1.6
19 13 0 1.5
19 14 3 1.6
19 17 6 1.3
19 18 9 1.1
19 15 13 1.6
19 16 8 1.4
19 19 3 1.0
20 1 6 1.3
20 2 6 1.5
20 3 5 1.7
20 4 16 1.9
20 6 0 2.0
20 5 3 2.0
20 7 0 2.0
20 8 0 2.0
20 9 0 1.9
20 10 0 1.9
20 12 0 1.9
20 11 0 1.9
20 13 0 1.9
20 14 0 1.8
20 18 3 1.5
20 15 3 1.8
20 17 14 1.7
20 16 12 1.8
20 19 9 1.2
20 20 0 1.1
21 1 3 1.5
21 2 6 1.8
21 3 8 2.0
21 4 16 2.2
21 5 3 2.3
21 6 0 2.3
21 7 0 2.3
21 8 0 2.3
21 9 0 2.3
21 10 0 2.3
21 11 0 2.4
21 12 0 2.3
21 13 0 2.3
21 14 0 2.2
21 15 0 2.3
21 16 11 2.2
21 18 8 2.0
21 17 15 2.2
21 19 6 1.8
21 20 9 1.6
21 21 3 1.3
22 1 6 1.8
22 2 6 2.1
22 3 3 2.3
22 4 14 2.6
22 5 8 2.6
22 6 0 2.7
22 7 0 2.7
22 8 0 2.7
22 9 0 2.7
22 10 0 2.7
22 11 0 2.7
22 12 0 2.6
22 13 0 2.6
22 14 0 2.6
22 15 0 2.6
22 16 0 2.6
22 17 11 2.5
22 18 11 2.5
22 19 14 2.3
22 20 3 2.0
22 21 9 1.8
22 22 0 1.5
23 1 3 2.0
23 2 6 2.4
23 3 6 2.7
23 4 15 3.0
23 5 8 3.1
23 6 3 3.1
23 7 0 3.1
23 8 0 3.1
23 9 0 3.1
23 10 0 3.1
23 11 0 3.0
23 12 0 3.0
23 13 0 3.1
23 14 0 3.0
23 15 0 3.0
23 16 0 2.9
23 17 3 2.9
23 18 15 2.9
23 19 10 3.0
23 20 6 2.6
23 21 6 2.4
23 23 3 1.8
23 22 9 2.2
24 1 6 2.4
24 2 6 2.8
24 3 3 3.1
24 4 11 3.5
24 5 16 3.5
24 6 3 3.5
24 7 0 3.6
24 8 0 3.6
24 9 0 3.6
24 10 0 3.6
24 11 0 3.6
24 12 0 3.5
24 13 0 3.5
24 14 0 3.5
24 15 0 3.5
24 16 0 3.5
24 17 0 3.5
24 18 3 3.5
24 19 15 3.5
24 20 11 3.3
24 21 12 2.9
24 24 0 1.9
24 23 9 2.2
24 22 3 2.5
