11 17 [0, 4] ROOT_FAIL 6/5 0 3.6
11 9 [0, 3] ROOT_OK -3 0 3.6
11 3 [0, 1] ROOT_OK -3 0 3.6
11 5 [0, 2] ROOT_OK -4 0 3.7
11 65 [0, 6] ROOT_FAIL 6 0 3.4
11 33 [0, 5] ROOT_FAIL 7/2 0 3.5
11 257 [0, 8] ROOT_OK -1 0 3.5
11 129 [0, 7] ROOT_FAIL 3 0 3.5
11 513 [0, 9] ROOT_OK -3 0 3.5
11 1025 [0, 10] ROOT_OK -2 0 3.6
11 6 [1, 2] ROOT_OK -6 0 3.5
11 2049 [0, 11] ROOT_OK -1 0 3.6
11 18 [1, 4] ROOT_OK -10 0 3.4
11 10 [1, 3] ROOT_OK -8 0 3.5
11 34 [1, 5] ROOT_OK -27/5 0 3.4
11 66 [1, 6] ROOT_OK -4 0 3.5
11 130 [1, 7] ROOT_OK -1 0 3.5
11 258 [1, 8] ROOT_OK -4 0 3.4
11 514 [1, 9] ROOT_OK -4 0 3.5
11 1026 [1, 10] ROOT_OK -3 0 3.5
11 12 [2, 3] ROOT_OK -11 0 3.4
11 20 [2, 4] ROOT_OK -11 0 3.4
11 2050 [1, 11] ROOT_OK -2 0 3.6
11 36 [2, 5] ROOT_OK -13 0 3.4
11 68 [2, 6] ROOT_OK -8 0 3.4
11 260 [2, 8] ROOT_OK -6 0 3.4
11 132 [2, 7] ROOT_OK -7 0 3.4
11 516 [2, 9] ROOT_OK -5 0 3.4
11 1028 [2, 10] ROOT_OK -6 0 3.5
11 24 [3, 4] ROOT_OK -14 0 3.4
11 40 [3, 5] ROOT_OK -16 0 3.4
11 2052 [2, 11] ROOT_OK -4 0 3.7
11 72 [3, 6] ROOT_OK -12 0 3.3
11 136 [3, 7] ROOT_OK -10 0 3.4
11 264 [3, 8] ROOT_OK -7 0 3.4
11 520 [3, 9] ROOT_OK -7 0 3.4
11 1032 [3, 10] ROOT_OK -9 0 3.3
11 48 [4, 5] ROOT_OK -19 0 3.3
11 2056 [3, 11] ROOT_OK -6 0 3.4
11 80 [4, 6] ROOT_OK -15 0 3.3
11 144 [4, 7] ROOT_OK -12 0 3.3
11 272 [4, 8] ROOT_OK -10 0 3.3
11 528 [4, 9] ROOT_OK -8 0 3.3
11 1040 [4, 10] ROOT_OK -4 0 3.3
11 2064 [4, 11] ROOT_OK -12/5 0 3.6
11 96 [5, 6] ROOT_OK -18 0 3.3
11 160 [5, 7] ROOT_OK -16 0 3.5
11 288 [5, 8] ROOT_OK -13 0 3.4
11 544 [5, 9] ROOT_OK -9 0 3.4
11 1056 [5, 10] ROOT_OK -5 0 3.5
11 2080 [5, 11] ROOT_FAIL 1 0 3.6
11 192 [6, 7] ROOT_OK -18 0 3.5
11 320 [6, 8] ROOT_OK -16 0 3.5
11 576 [6, 9] ROOT_OK -14 0 3.4
11 1088 [6, 10] ROOT_OK -22/3 0 3.4
11 2112 [6, 11] ROOT_FAIL 2 0 3.6
11 384 [7, 8] ROOT_OK -15 0 3.3
11 640 [7, 9] ROOT_OK -12 0 3.4
11 1152 [7, 10] ROOT_OK -11 0 3.4
11 2176 [7, 11] ROOT_FAIL 1 0 3.5
11 768 [8, 9] ROOT_OK -10 0 3.4
11 1280 [8, 10] ROOT_OK -8 0 3.4
11 2304 [8, 11] ROOT_OK -2 0 3.6
11 1536 [9, 10] ROOT_OK -6 0 3.5
11 2560 [9, 11] ROOT_OK -2 0 3.0
11 3072 [10, 11] ROOT_OK -6/5 0 3.0
wall 60.2
