12 9 [0, 3] ROOT_OK -2 0 5.3
12 17 [0, 4] ROOT_OK 0 0 5.3
12 3 [0, 1] ROOT_OK -2 0 5.3
12 5 [0, 2] ROOT_OK -4 0 5.3
12 33 [0, 5] ROOT_FAIL 3 0 5.2
12 257 [0, 8] ROOT_FAIL 3/2 0 5.2
12 65 [0, 6] ROOT_FAIL 16/3 0 5.3
12 129 [0, 7] ROOT_FAIL 6 0 5.3
12 513 [0, 9] ROOT_OK -2 0 5.3
12 2049 [0, 11] ROOT_OK -2 0 5.3
12 1025 [0, 10] ROOT_OK -3 0 5.4
12 4097 [0, 12] ROOT_OK 0 0 5.4
12 6 [1, 2] ROOT_OK -7 0 5.2
12 18 [1, 4] ROOT_OK -10 0 5.2
12 10 [1, 3] ROOT_OK -8 0 5.3
12 34 [1, 5] ROOT_OK -32/5 0 5.2
12 66 [1, 6] ROOT_OK -3 0 5.1
12 130 [1, 7] ROOT_OK -2 0 5.1
12 258 [1, 8] ROOT_OK -4/5 0 5.2
12 514 [1, 9] ROOT_OK -5 0 5.1
12 1026 [1, 10] ROOT_OK -4 0 5.2
12 12 [2, 3] ROOT_OK -11 0 5.1
12 2050 [1, 11] ROOT_OK -3 0 5.3
12 4098 [1, 12] ROOT_OK -2 0 5.4
12 20 [2, 4] ROOT_OK -12 0 5.0
12 36 [2, 5] ROOT_OK -13 0 5.0
12 68 [2, 6] ROOT_OK -54/5 0 5.1
12 132 [2, 7] ROOT_OK -23/3 0 5.0
12 516 [2, 9] ROOT_OK -6 0 5.0
12 260 [2, 8] ROOT_OK -6 0 5.1
12 1028 [2, 10] ROOT_OK -5 0 5.0
12 2052 [2, 11] ROOT_OK -6 0 5.1
12 24 [3, 4] ROOT_OK -15 0 4.5
12 40 [3, 5] ROOT_OK -16 0 4.5
12 4100 [2, 12] ROOT_OK -4 0 4.7
12 72 [3, 6] ROOT_OK -15 0 4.5
12 136 [3, 7] ROOT_OK -10 0 4.6
12 264 [3, 8] ROOT_OK -9 0 4.7
12 520 [3, 9] ROOT_OK -6 0 4.7
12 1032 [3, 10] ROOT_OK -8 0 4.7
12 2056 [3, 11] ROOT_OK -8 0 4.6
12 48 [4, 5] ROOT_OK -19 0 4.5
12 80 [4, 6] ROOT_OK -18 0 4.5
12 4104 [3, 12] ROOT_OK -6 0 4.8
12 144 [4, 7] ROOT_OK -13 0 4.6
12 272 [4, 8] ROOT_OK -12 0 4.7
12 528 [4, 9] ROOT_OK -9 0 4.6
12 1040 [4, 10] ROOT_OK -7 0 4.7
12 2064 [4, 11] ROOT_OK -11/2 0 4.6
12 96 [5, 6] ROOT_OK -21 0 4.5
12 4112 [4, 12] ROOT_OK -23/5 0 4.7
12 160 [5, 7] ROOT_OK -16 0 4.6
12 288 [5, 8] ROOT_OK -13 0 4.5
12 544 [5, 9] ROOT_OK -80/7 0 4.6
12 1056 [5, 10] ROOT_OK -25/3 0 4.6
12 2080 [5, 11] ROOT_OK -4 0 4.7
12 4128 [5, 12] ROOT_OK 4/5 0 4.8
12 192 [6, 7] ROOT_OK -19 0 4.6
12 320 [6, 8] ROOT_OK -18 0 4.7
12 576 [6, 9] ROOT_OK -15 0 4.6
12 1088 [6, 10] ROOT_OK -12 0 4.5
12 2112 [6, 11] ROOT_OK -5 0 4.7
12 384 [7, 8] ROOT_OK -19 0 4.6
12 4160 [6, 12] ROOT_FAIL 2 0 4.8
12 640 [7, 9] ROOT_OK -16 0 4.6
12 1152 [7, 10] ROOT_OK -15 0 4.7
12 2176 [7, 11] ROOT_OK -26/3 0 4.7
12 4224 [7, 12] ROOT_FAIL 134/37 0 4.8
12 768 [8, 9] ROOT_OK -13 0 4.5
12 1280 [8, 10] ROOT_OK -10 0 4.5
12 2304 [8, 11] ROOT_OK -9 0 4.6
12 4352 [8, 12] ROOT_OK -1 0 4.7
12 1536 [9, 10] ROOT_OK -9 0 4.7
12 2560 [9, 11] ROOT_OK -7 0 4.8
12 4608 [9, 12] ROOT_OK -1 0 4.9
12 3072 [10, 11] ROOT_OK -5 0 4.8
12 5120 [10, 12] ROOT_OK -2 0 4.7
12 6144 [11, 12] ROOT_OK -3/5 0 4.7
wall 98.8
