13 33 [0, 5] ROOT_FAIL 13/5 0 8.3
13 5 [0, 2] ROOT_OK -4 0 8.3
13 3 [0, 1] ROOT_OK -3 0 8.3
13 17 [0, 4] ROOT_OK -2/5 0 8.3
13 9 [0, 3] ROOT_OK -3 0 8.4
13 129 [0, 7] ROOT_FAIL 7 0 8.2
13 65 [0, 6] ROOT_FAIL 9/2 0 8.3
13 257 [0, 8] ROOT_FAIL 11/2 0 8.3
13 513 [0, 9] ROOT_OK -1 0 8.3
13 1025 [0, 10] ROOT_OK -4 0 8.3
13 2049 [0, 11] ROOT_OK -3 0 8.3
13 8196 [2, 13] ROOT_OK -4 0 8.3
13 4097 [0, 12] ROOT_OK -4/3 0 8.4
13 8194 [1, 13] ROOT_OK -2 0 8.3
13 8193 [0, 13] ROOT_OK -1 0 8.5
13 8208 [4, 13] ROOT_OK -6 0 8.2
13 8320 [7, 13] ROOT_FAIL 3 0 8.0
13 8256 [6, 13] ROOT_FAIL 2 0 8.2
13 8200 [3, 13] ROOT_OK -6 0 8.3
13 8224 [5, 13] ROOT_OK -3/5 0 8.2
13 8448 [8, 13] ROOT_FAIL 65/18 0 8.1
13 8704 [9, 13] ROOT_OK -3 0 8.2
13 9216 [10, 13] ROOT_OK -1/2 0 8.2
13 12288 [12, 13] ROOT_OK 0 0 8.2
13 10240 [11, 13] ROOT_OK -15/7 0 8.2
wall 42.4
